<!doctype html public "-//w3c//dtd html 4.0 transitional//en">
<html><head>
<title>Static Call Graph - [.\Objects\HB-EGS701GB-III_FCT.axf]</title></head>
<body><HR>
<H1>Static Call Graph for image .\Objects\HB-EGS701GB-III_FCT.axf</H1><HR>
<BR><P>#&#060CALLGRAPH&#062# ARM Linker, 5060422: Last Updated: Mon Dec 10 11:28:06 2018
<BR><P>
<H3>Maximum Stack Usage =       1040 bytes + Unknown(Functions without stacksize, Cycles, Untraceable Function Pointers)</H3><H3>
Call chain for Maximum Stack Depth:</H3>
cmd_cp &rArr; copy &rArr; copydir &rArr;  copydir (Cycle)
<P>
<H3>
Functions with no stack information
</H3><UL>
 <LI><a href="#[584]">__user_initial_stackheap</a>
</UL>
</UL>
<P>
<H3>
Mutually Recursive functions
</H3> <LI><a href="#[2b]">ADC1_2_IRQHandler</a>&nbsp;&nbsp;&nbsp;&rArr;&nbsp;&nbsp;&nbsp;<a href="#[2b]">ADC1_2_IRQHandler</a><BR>
 <LI><a href="#[31f]">rt_assert_handler</a>&nbsp;&nbsp;&nbsp;&rArr;&nbsp;&nbsp;&nbsp;<a href="#[1cb]">rt_kprintf</a><BR>
 <LI><a href="#[37a]">rt_exit_critical</a>&nbsp;&nbsp;&nbsp;&rArr;&nbsp;&nbsp;&nbsp;<a href="#[3a1]">rt_schedule</a><BR>
 <LI><a href="#[466]">copydir</a>&nbsp;&nbsp;&nbsp;&rArr;&nbsp;&nbsp;&nbsp;<a href="#[466]">copydir</a><BR>
 <LI><a href="#[53d]">msh_exec_script</a>&nbsp;&nbsp;&nbsp;&rArr;&nbsp;&nbsp;&nbsp;<a href="#[537]">msh_exec</a><BR>
 <LI><a href="#[4e1]">finsh_type_check</a>&nbsp;&nbsp;&nbsp;&rArr;&nbsp;&nbsp;&nbsp;<a href="#[4e1]">finsh_type_check</a><BR>
 <LI><a href="#[4df]">finsh_compile</a>&nbsp;&nbsp;&nbsp;&rArr;&nbsp;&nbsp;&nbsp;<a href="#[4df]">finsh_compile</a><BR>
 <LI><a href="#[4fe]">proc_assign_expr</a>&nbsp;&nbsp;&nbsp;&rArr;&nbsp;&nbsp;&nbsp;<a href="#[4fe]">proc_assign_expr</a><BR>
 <LI><a href="#[505]">proc_cast_expr</a>&nbsp;&nbsp;&nbsp;&rArr;&nbsp;&nbsp;&nbsp;<a href="#[505]">proc_cast_expr</a><BR>
 <LI><a href="#[504]">proc_unary_expr</a>&nbsp;&nbsp;&nbsp;&rArr;&nbsp;&nbsp;&nbsp;<a href="#[505]">proc_cast_expr</a><BR>
 <LI><a href="#[502]">proc_primary_expr</a>&nbsp;&nbsp;&nbsp;&rArr;&nbsp;&nbsp;&nbsp;<a href="#[500]">proc_expr</a><BR>
 <LI><a href="#[4fd]">proc_param_list</a>&nbsp;&nbsp;&nbsp;&rArr;&nbsp;&nbsp;&nbsp;<a href="#[4fe]">proc_assign_expr</a><BR>
</UL>
<P>
<H3>
Function Pointers
</H3><UL>
 <LI><a href="#[2b]">ADC1_2_IRQHandler</a> from startup_stm32f10x_cl.o(.text) referenced from startup_stm32f10x_cl.o(RESET)
 <LI><a href="#[a]">Adc_CollectApp_TimeTask</a> from adc_tran_voltag.o(.text) referenced 2 times from taskschedule.o(.data)
 <LI><a href="#[2c7]">Api_CheckPower</a> from fct_app.o(.text) referenced from fct_app.o(.text)
 <LI><a href="#[2dd]">App_CheckAnalogInput</a> from fct_app.o(.text) referenced from fct_app.o(.text)
 <LI><a href="#[2e2]">App_CheckAntenna</a> from fct_app.o(.text) referenced from fct_app.o(.text)
 <LI><a href="#[2da]">App_CheckDigitalInput</a> from fct_app.o(.text) referenced from fct_app.o(.text)
 <LI><a href="#[2d5]">App_CheckGsmGprsTimeOut</a> from fct_app.o(.text) referenced from fct_app.o(.text)
 <LI><a href="#[2c1]">App_EyeDebugAck</a> from fct_app.o(.text) referenced from fct_app.o(.text)
 <LI><a href="#[13]">BusFault_Handler</a> from stm32f10x_it.o(.text) referenced from startup_stm32f10x_cl.o(RESET)
 <LI><a href="#[2d]">CAN1_RX0_IRQHandler</a> from startup_stm32f10x_cl.o(.text) referenced from startup_stm32f10x_cl.o(RESET)
 <LI><a href="#[2e]">CAN1_RX1_IRQHandler</a> from startup_stm32f10x_cl.o(.text) referenced from startup_stm32f10x_cl.o(RESET)
 <LI><a href="#[2f]">CAN1_SCE_IRQHandler</a> from startup_stm32f10x_cl.o(.text) referenced from startup_stm32f10x_cl.o(RESET)
 <LI><a href="#[2c]">CAN1_TX_IRQHandler</a> from startup_stm32f10x_cl.o(.text) referenced from startup_stm32f10x_cl.o(RESET)
 <LI><a href="#[52]">CAN2_RX0_IRQHandler</a> from startup_stm32f10x_cl.o(.text) referenced from startup_stm32f10x_cl.o(RESET)
 <LI><a href="#[53]">CAN2_RX1_IRQHandler</a> from startup_stm32f10x_cl.o(.text) referenced from startup_stm32f10x_cl.o(RESET)
 <LI><a href="#[54]">CAN2_SCE_IRQHandler</a> from startup_stm32f10x_cl.o(.text) referenced from startup_stm32f10x_cl.o(RESET)
 <LI><a href="#[51]">CAN2_TX_IRQHandler</a> from startup_stm32f10x_cl.o(.text) referenced from startup_stm32f10x_cl.o(RESET)
 <LI><a href="#[2ac]">CommParam_ResendData</a> from commparam.o(.text) referenced 2 times from commparam.o(.text)
 <LI><a href="#[8]">CommParam_TimeTask</a> from commparam.o(.text) referenced 2 times from taskschedule.o(.data)
 <LI><a href="#[2ef]">CommTest4RecvEnable</a> from commtest4.o(.text) referenced from commtest4.o(.text)
 <LI><a href="#[2f1]">CommTest4SendEnable</a> from commtest4.o(.text) referenced from commtest4.o(.text)
 <LI><a href="#[9]">CommTest5_TimeTask</a> from commtest5.o(.text) referenced 2 times from taskschedule.o(.data)
 <LI><a href="#[24]">DMA1_Channel1_IRQHandler</a> from startup_stm32f10x_cl.o(.text) referenced from startup_stm32f10x_cl.o(RESET)
 <LI><a href="#[25]">DMA1_Channel2_IRQHandler</a> from startup_stm32f10x_cl.o(.text) referenced from startup_stm32f10x_cl.o(RESET)
 <LI><a href="#[26]">DMA1_Channel3_IRQHandler</a> from startup_stm32f10x_cl.o(.text) referenced from startup_stm32f10x_cl.o(RESET)
 <LI><a href="#[27]">DMA1_Channel4_IRQHandler</a> from startup_stm32f10x_cl.o(.text) referenced from startup_stm32f10x_cl.o(RESET)
 <LI><a href="#[28]">DMA1_Channel5_IRQHandler</a> from usart.o(.text) referenced from startup_stm32f10x_cl.o(RESET)
 <LI><a href="#[29]">DMA1_Channel6_IRQHandler</a> from startup_stm32f10x_cl.o(.text) referenced from startup_stm32f10x_cl.o(RESET)
 <LI><a href="#[2a]">DMA1_Channel7_IRQHandler</a> from startup_stm32f10x_cl.o(.text) referenced from startup_stm32f10x_cl.o(RESET)
 <LI><a href="#[4a]">DMA2_Channel1_IRQHandler</a> from startup_stm32f10x_cl.o(.text) referenced from startup_stm32f10x_cl.o(RESET)
 <LI><a href="#[4b]">DMA2_Channel2_IRQHandler</a> from startup_stm32f10x_cl.o(.text) referenced from startup_stm32f10x_cl.o(RESET)
 <LI><a href="#[4c]">DMA2_Channel3_IRQHandler</a> from usart.o(.text) referenced from startup_stm32f10x_cl.o(RESET)
 <LI><a href="#[4d]">DMA2_Channel4_IRQHandler</a> from startup_stm32f10x_cl.o(.text) referenced from startup_stm32f10x_cl.o(RESET)
 <LI><a href="#[4e]">DMA2_Channel5_IRQHandler</a> from startup_stm32f10x_cl.o(.text) referenced from startup_stm32f10x_cl.o(RESET)
 <LI><a href="#[16]">DebugMon_Handler</a> from stm32f10x_it.o(.text) referenced from startup_stm32f10x_cl.o(RESET)
 <LI><a href="#[4f]">ETH_IRQHandler</a> from startup_stm32f10x_cl.o(.text) referenced from startup_stm32f10x_cl.o(RESET)
 <LI><a href="#[50]">ETH_WKUP_IRQHandler</a> from startup_stm32f10x_cl.o(.text) referenced from startup_stm32f10x_cl.o(RESET)
 <LI><a href="#[1f]">EXTI0_IRQHandler</a> from gpio.o(.text) referenced from startup_stm32f10x_cl.o(RESET)
 <LI><a href="#[41]">EXTI15_10_IRQHandler</a> from gpio.o(.text) referenced from startup_stm32f10x_cl.o(RESET)
 <LI><a href="#[20]">EXTI1_IRQHandler</a> from gpio.o(.text) referenced from startup_stm32f10x_cl.o(RESET)
 <LI><a href="#[21]">EXTI2_IRQHandler</a> from gpio.o(.text) referenced from startup_stm32f10x_cl.o(RESET)
 <LI><a href="#[22]">EXTI3_IRQHandler</a> from gpio.o(.text) referenced from startup_stm32f10x_cl.o(RESET)
 <LI><a href="#[23]">EXTI4_IRQHandler</a> from gpio.o(.text) referenced from startup_stm32f10x_cl.o(RESET)
 <LI><a href="#[30]">EXTI9_5_IRQHandler</a> from gpio.o(.text) referenced from startup_stm32f10x_cl.o(RESET)
 <LI><a href="#[c]">EvNopHandleTask</a> from taskschedule.o(.text) referenced 4 times from taskschedule.o(.data)
 <LI><a href="#[25a]">FCT_AppInit</a> from fct_app.o(.text) referenced 2 times from fct_app.o(.text)
 <LI><a href="#[1d]">FLASH_IRQHandler</a> from startup_stm32f10x_cl.o(.text) referenced from startup_stm32f10x_cl.o(RESET)
 <LI><a href="#[11]">HardFault_Handler</a> from context_rvds.o(.text) referenced from startup_stm32f10x_cl.o(RESET)
 <LI><a href="#[39]">I2C1_ER_IRQHandler</a> from startup_stm32f10x_cl.o(.text) referenced from startup_stm32f10x_cl.o(RESET)
 <LI><a href="#[38]">I2C1_EV_IRQHandler</a> from startup_stm32f10x_cl.o(.text) referenced from startup_stm32f10x_cl.o(RESET)
 <LI><a href="#[3b]">I2C2_ER_IRQHandler</a> from startup_stm32f10x_cl.o(.text) referenced from startup_stm32f10x_cl.o(RESET)
 <LI><a href="#[3a]">I2C2_EV_IRQHandler</a> from startup_stm32f10x_cl.o(.text) referenced from startup_stm32f10x_cl.o(RESET)
 <LI><a href="#[7]">LZM_PublicTimerTask</a> from public.o(.text) referenced 2 times from taskschedule.o(.data)
 <LI><a href="#[12]">MemManage_Handler</a> from stm32f10x_it.o(.text) referenced from startup_stm32f10x_cl.o(RESET)
 <LI><a href="#[10]">NMI_Handler</a> from stm32f10x_it.o(.text) referenced from startup_stm32f10x_cl.o(RESET)
 <LI><a href="#[11a]">OP_add_byte</a> from finsh_ops.o(.text) referenced from finsh_ops.o(.constdata)
 <LI><a href="#[11c]">OP_add_dword</a> from finsh_ops.o(.text) referenced from finsh_ops.o(.constdata)
 <LI><a href="#[11b]">OP_add_word</a> from finsh_ops.o(.text) referenced from finsh_ops.o(.constdata)
 <LI><a href="#[129]">OP_and_byte</a> from finsh_ops.o(.text) referenced from finsh_ops.o(.constdata)
 <LI><a href="#[12b]">OP_and_dword</a> from finsh_ops.o(.text) referenced from finsh_ops.o(.constdata)
 <LI><a href="#[12a]">OP_and_word</a> from finsh_ops.o(.text) referenced from finsh_ops.o(.constdata)
 <LI><a href="#[132]">OP_bw_byte</a> from finsh_ops.o(.text) referenced from finsh_ops.o(.constdata)
 <LI><a href="#[134]">OP_bw_dword</a> from finsh_ops.o(.text) referenced from finsh_ops.o(.constdata)
 <LI><a href="#[133]">OP_bw_word</a> from finsh_ops.o(.text) referenced from finsh_ops.o(.constdata)
 <LI><a href="#[145]">OP_call</a> from finsh_ops.o(.text) referenced from finsh_ops.o(.constdata)
 <LI><a href="#[120]">OP_div_byte</a> from finsh_ops.o(.text) referenced from finsh_ops.o(.constdata)
 <LI><a href="#[122]">OP_div_dword</a> from finsh_ops.o(.text) referenced from finsh_ops.o(.constdata)
 <LI><a href="#[121]">OP_div_word</a> from finsh_ops.o(.text) referenced from finsh_ops.o(.constdata)
 <LI><a href="#[13b]">OP_ld_byte</a> from finsh_ops.o(.text) referenced from finsh_ops.o(.constdata)
 <LI><a href="#[13d]">OP_ld_dword</a> from finsh_ops.o(.text) referenced from finsh_ops.o(.constdata)
 <LI><a href="#[13e]">OP_ld_value_byte</a> from finsh_ops.o(.text) referenced from finsh_ops.o(.constdata)
 <LI><a href="#[146]">OP_ld_value_byte_stack</a> from finsh_ops.o(.text) referenced from finsh_ops.o(.constdata)
 <LI><a href="#[140]">OP_ld_value_dword</a> from finsh_ops.o(.text) referenced from finsh_ops.o(.constdata)
 <LI><a href="#[148]">OP_ld_value_dword_stack</a> from finsh_ops.o(.text) referenced from finsh_ops.o(.constdata)
 <LI><a href="#[13f]">OP_ld_value_word</a> from finsh_ops.o(.text) referenced from finsh_ops.o(.constdata)
 <LI><a href="#[147]">OP_ld_value_word_stack</a> from finsh_ops.o(.text) referenced from finsh_ops.o(.constdata)
 <LI><a href="#[13c]">OP_ld_word</a> from finsh_ops.o(.text) referenced from finsh_ops.o(.constdata)
 <LI><a href="#[123]">OP_mod_byte</a> from finsh_ops.o(.text) referenced from finsh_ops.o(.constdata)
 <LI><a href="#[125]">OP_mod_dword</a> from finsh_ops.o(.text) referenced from finsh_ops.o(.constdata)
 <LI><a href="#[124]">OP_mod_word</a> from finsh_ops.o(.text) referenced from finsh_ops.o(.constdata)
 <LI><a href="#[126]">OP_mul_byte</a> from finsh_ops.o(.text) referenced from finsh_ops.o(.constdata)
 <LI><a href="#[128]">OP_mul_dword</a> from finsh_ops.o(.text) referenced from finsh_ops.o(.constdata)
 <LI><a href="#[127]">OP_mul_word</a> from finsh_ops.o(.text) referenced from finsh_ops.o(.constdata)
 <LI><a href="#[119]">OP_no_op</a> from finsh_ops.o(.text) referenced from finsh_ops.o(.constdata)
 <LI><a href="#[12c]">OP_or_byte</a> from finsh_ops.o(.text) referenced from finsh_ops.o(.constdata)
 <LI><a href="#[12e]">OP_or_dword</a> from finsh_ops.o(.text) referenced from finsh_ops.o(.constdata)
 <LI><a href="#[12d]">OP_or_word</a> from finsh_ops.o(.text) referenced from finsh_ops.o(.constdata)
 <LI><a href="#[144]">OP_pop</a> from finsh_ops.o(.text) referenced from finsh_ops.o(.constdata)
 <LI><a href="#[135]">OP_shl_byte</a> from finsh_ops.o(.text) referenced from finsh_ops.o(.constdata)
 <LI><a href="#[137]">OP_shl_dword</a> from finsh_ops.o(.text) referenced from finsh_ops.o(.constdata)
 <LI><a href="#[136]">OP_shl_word</a> from finsh_ops.o(.text) referenced from finsh_ops.o(.constdata)
 <LI><a href="#[138]">OP_shr_byte</a> from finsh_ops.o(.text) referenced from finsh_ops.o(.constdata)
 <LI><a href="#[13a]">OP_shr_dword</a> from finsh_ops.o(.text) referenced from finsh_ops.o(.constdata)
 <LI><a href="#[139]">OP_shr_word</a> from finsh_ops.o(.text) referenced from finsh_ops.o(.constdata)
 <LI><a href="#[141]">OP_st_byte</a> from finsh_ops.o(.text) referenced from finsh_ops.o(.constdata)
 <LI><a href="#[143]">OP_st_dword</a> from finsh_ops.o(.text) referenced from finsh_ops.o(.constdata)
 <LI><a href="#[142]">OP_st_word</a> from finsh_ops.o(.text) referenced from finsh_ops.o(.constdata)
 <LI><a href="#[11d]">OP_sub_byte</a> from finsh_ops.o(.text) referenced from finsh_ops.o(.constdata)
 <LI><a href="#[11f]">OP_sub_dword</a> from finsh_ops.o(.text) referenced from finsh_ops.o(.constdata)
 <LI><a href="#[11e]">OP_sub_word</a> from finsh_ops.o(.text) referenced from finsh_ops.o(.constdata)
 <LI><a href="#[12f]">OP_xor_byte</a> from finsh_ops.o(.text) referenced from finsh_ops.o(.constdata)
 <LI><a href="#[131]">OP_xor_dword</a> from finsh_ops.o(.text) referenced from finsh_ops.o(.constdata)
 <LI><a href="#[130]">OP_xor_word</a> from finsh_ops.o(.text) referenced from finsh_ops.o(.constdata)
 <LI><a href="#[55]">OTG_FS_IRQHandler</a> from startup_stm32f10x_cl.o(.text) referenced from startup_stm32f10x_cl.o(RESET)
 <LI><a href="#[43]">OTG_FS_WKUP_IRQHandler</a> from startup_stm32f10x_cl.o(.text) referenced from startup_stm32f10x_cl.o(RESET)
 <LI><a href="#[1a]">PVD_IRQHandler</a> from startup_stm32f10x_cl.o(.text) referenced from startup_stm32f10x_cl.o(RESET)
 <LI><a href="#[17]">PendSV_Handler</a> from context_rvds.o(.text) referenced from startup_stm32f10x_cl.o(RESET)
 <LI><a href="#[24a]">Public_DisposeLEDAndBeep</a> from public.o(.text) referenced from public.o(.text)
 <LI><a href="#[1e]">RCC_IRQHandler</a> from startup_stm32f10x_cl.o(.text) referenced from startup_stm32f10x_cl.o(RESET)
 <LI><a href="#[42]">RTCAlarm_IRQHandler</a> from startup_stm32f10x_cl.o(.text) referenced from startup_stm32f10x_cl.o(RESET)
 <LI><a href="#[1c]">RTC_IRQHandler</a> from startup_stm32f10x_cl.o(.text) referenced from startup_stm32f10x_cl.o(RESET)
 <LI><a href="#[f]">Reset_Handler</a> from startup_stm32f10x_cl.o(.text) referenced from startup_stm32f10x_cl.o(RESET)
 <LI><a href="#[3c]">SPI1_IRQHandler</a> from startup_stm32f10x_cl.o(.text) referenced from startup_stm32f10x_cl.o(RESET)
 <LI><a href="#[3d]">SPI2_IRQHandler</a> from startup_stm32f10x_cl.o(.text) referenced from startup_stm32f10x_cl.o(RESET)
 <LI><a href="#[45]">SPI3_IRQHandler</a> from startup_stm32f10x_cl.o(.text) referenced from startup_stm32f10x_cl.o(RESET)
 <LI><a href="#[15]">SVC_Handler</a> from stm32f10x_it.o(.text) referenced from startup_stm32f10x_cl.o(RESET)
 <LI><a href="#[18]">SysTick_Handler</a> from board.o(.text) referenced from startup_stm32f10x_cl.o(RESET)
 <LI><a href="#[56]">SystemInit</a> from system_stm32f10x.o(.text) referenced from startup_stm32f10x_cl.o(.text)
 <LI><a href="#[1b]">TAMPER_IRQHandler</a> from startup_stm32f10x_cl.o(.text) referenced from startup_stm32f10x_cl.o(RESET)
 <LI><a href="#[31]">TIM1_BRK_IRQHandler</a> from startup_stm32f10x_cl.o(.text) referenced from startup_stm32f10x_cl.o(RESET)
 <LI><a href="#[34]">TIM1_CC_IRQHandler</a> from stm32f10x_it.o(.text) referenced from startup_stm32f10x_cl.o(RESET)
 <LI><a href="#[33]">TIM1_TRG_COM_IRQHandler</a> from startup_stm32f10x_cl.o(.text) referenced from startup_stm32f10x_cl.o(RESET)
 <LI><a href="#[32]">TIM1_UP_IRQHandler</a> from startup_stm32f10x_cl.o(.text) referenced from startup_stm32f10x_cl.o(RESET)
 <LI><a href="#[35]">TIM2_IRQHandler</a> from startup_stm32f10x_cl.o(.text) referenced from startup_stm32f10x_cl.o(RESET)
 <LI><a href="#[36]">TIM3_IRQHandler</a> from stm32f10x_it.o(.text) referenced from startup_stm32f10x_cl.o(RESET)
 <LI><a href="#[37]">TIM4_IRQHandler</a> from startup_stm32f10x_cl.o(.text) referenced from startup_stm32f10x_cl.o(RESET)
 <LI><a href="#[44]">TIM5_IRQHandler</a> from stm32f10x_it.o(.text) referenced from startup_stm32f10x_cl.o(RESET)
 <LI><a href="#[48]">TIM6_IRQHandler</a> from startup_stm32f10x_cl.o(.text) referenced from startup_stm32f10x_cl.o(RESET)
 <LI><a href="#[49]">TIM7_IRQHandler</a> from stm32f10x_it.o(.text) referenced from startup_stm32f10x_cl.o(RESET)
 <LI><a href="#[b]">TimerNopHandleTask</a> from taskschedule.o(.text) referenced 2 times from taskschedule.o(.data)
 <LI><a href="#[46]">UART4_IRQHandler</a> from stm32f10x_it.o(.text) referenced from startup_stm32f10x_cl.o(RESET)
 <LI><a href="#[47]">UART5_IRQHandler</a> from usart.o(.text) referenced from startup_stm32f10x_cl.o(RESET)
 <LI><a href="#[3e]">USART1_IRQHandler</a> from usart.o(.text) referenced from startup_stm32f10x_cl.o(RESET)
 <LI><a href="#[3f]">USART2_IRQHandler</a> from startup_stm32f10x_cl.o(.text) referenced from startup_stm32f10x_cl.o(RESET)
 <LI><a href="#[40]">USART3_IRQHandler</a> from startup_stm32f10x_cl.o(.text) referenced from startup_stm32f10x_cl.o(RESET)
 <LI><a href="#[14]">UsageFault_Handler</a> from stm32f10x_it.o(.text) referenced from startup_stm32f10x_cl.o(RESET)
 <LI><a href="#[19]">WWDG_IRQHandler</a> from startup_stm32f10x_cl.o(.text) referenced from startup_stm32f10x_cl.o(RESET)
 <LI><a href="#[181]">__main</a> from __main.o(!!!main) referenced from startup_stm32f10x_cl.o(.text)
 <LI><a href="#[418]">__wqueue_default_wake</a> from waitqueue.o(.text) referenced from waitqueue.o(.text)
 <LI><a href="#[80]">_get_lc_ctype</a> from lc_ctype_c.o(locale$$code) referenced from rt_ctype_table.o(.text)
 <LI><a href="#[67]">_pin_control</a> from pin.o(.text) referenced from pin.o(.text)
 <LI><a href="#[65]">_pin_read</a> from pin.o(.text) referenced from pin.o(.text)
 <LI><a href="#[66]">_pin_write</a> from pin.o(.text) referenced from pin.o(.text)
 <LI><a href="#[7f]">_printf_input_char</a> from _printf_char_common.o(.text) referenced from _printf_char_common.o(.text)
 <LI><a href="#[7e]">_snputc</a> from _snputc.o(.text) referenced from noretval__2snprintf.o(.text)
 <LI><a href="#[6a]">_spi_bus_device_control</a> from spi_dev.o(.text) referenced from spi_dev.o(.text)
 <LI><a href="#[68]">_spi_bus_device_read</a> from spi_dev.o(.text) referenced from spi_dev.o(.text)
 <LI><a href="#[69]">_spi_bus_device_write</a> from spi_dev.o(.text) referenced from spi_dev.o(.text)
 <LI><a href="#[6d]">_spidev_device_control</a> from spi_dev.o(.text) referenced from spi_dev.o(.text)
 <LI><a href="#[6b]">_spidev_device_read</a> from spi_dev.o(.text) referenced from spi_dev.o(.text)
 <LI><a href="#[6c]">_spidev_device_write</a> from spi_dev.o(.text) referenced from spi_dev.o(.text)
 <LI><a href="#[7d]">_sputc</a> from _sputc.o(.text) referenced from noretval__2sprintf.o(.text)
 <LI><a href="#[15d]">cat</a> from dfs_file.o(.text) referenced from dfs_file.o(FSymTab)
 <LI><a href="#[162]">chdir</a> from dfs_posix.o(.text) referenced from dfs_posix.o(FSymTab)
 <LI><a href="#[176]">cmd_cat</a> from msh_cmd.o(.text) referenced from msh_cmd.o(FSymTab)
 <LI><a href="#[178]">cmd_cd</a> from msh_cmd.o(.text) referenced from msh_cmd.o(FSymTab)
 <LI><a href="#[174]">cmd_cp</a> from msh_cmd.o(.text) referenced from msh_cmd.o(FSymTab)
 <LI><a href="#[17c]">cmd_df</a> from msh_cmd.o(.text) referenced from msh_cmd.o(FSymTab)
 <LI><a href="#[17d]">cmd_echo</a> from msh_cmd.o(.text) referenced from msh_cmd.o(FSymTab)
 <LI><a href="#[180]">cmd_free</a> from msh_cmd.o(.text) referenced from msh_cmd.o(FSymTab)
 <LI><a href="#[173]">cmd_ls</a> from msh_cmd.o(.text) referenced from msh_cmd.o(FSymTab)
 <LI><a href="#[17a]">cmd_mkdir</a> from msh_cmd.o(.text) referenced from msh_cmd.o(FSymTab)
 <LI><a href="#[17b]">cmd_mkfs</a> from msh_cmd.o(.text) referenced from msh_cmd.o(FSymTab)
 <LI><a href="#[175]">cmd_mv</a> from msh_cmd.o(.text) referenced from msh_cmd.o(FSymTab)
 <LI><a href="#[17e]">cmd_ps</a> from msh_cmd.o(.text) referenced from msh_cmd.o(FSymTab)
 <LI><a href="#[179]">cmd_pwd</a> from msh_cmd.o(.text) referenced from msh_cmd.o(FSymTab)
 <LI><a href="#[177]">cmd_rm</a> from msh_cmd.o(.text) referenced from msh_cmd.o(FSymTab)
 <LI><a href="#[17f]">cmd_time</a> from msh_cmd.o(.text) referenced from msh_cmd.o(FSymTab)
 <LI><a href="#[5b]">comm_thread_entry</a> from comm.o(.text) referenced from comm.o(.text)
 <LI><a href="#[15e]">copy</a> from dfs_file.o(.text) referenced from dfs_file.o(FSymTab)
 <LI><a href="#[160]">df</a> from dfs_fs.o(.text) referenced from dfs_fs.o(FSymTab)
 <LI><a href="#[111]">dfs_device_fs_close</a> from devfs.o(.text) referenced from devfs.o(.constdata)
 <LI><a href="#[115]">dfs_device_fs_getdents</a> from devfs.o(.text) referenced from devfs.o(.constdata)
 <LI><a href="#[112]">dfs_device_fs_ioctl</a> from devfs.o(.text) referenced from devfs.o(.constdata)
 <LI><a href="#[117]">dfs_device_fs_mount</a> from devfs.o(.text) referenced from devfs.o(.constdata)
 <LI><a href="#[110]">dfs_device_fs_open</a> from devfs.o(.text) referenced from devfs.o(.constdata)
 <LI><a href="#[116]">dfs_device_fs_poll</a> from devfs.o(.text) referenced from devfs.o(.constdata)
 <LI><a href="#[113]">dfs_device_fs_read</a> from devfs.o(.text) referenced from devfs.o(.constdata)
 <LI><a href="#[118]">dfs_device_fs_stat</a> from devfs.o(.text) referenced from devfs.o(.constdata)
 <LI><a href="#[114]">dfs_device_fs_write</a> from devfs.o(.text) referenced from devfs.o(.constdata)
 <LI><a href="#[102]">dfs_elm_close</a> from dfs_elm.o(.text) referenced from dfs_elm.o(.constdata)
 <LI><a href="#[106]">dfs_elm_flush</a> from dfs_elm.o(.text) referenced from dfs_elm.o(.constdata)
 <LI><a href="#[108]">dfs_elm_getdents</a> from dfs_elm.o(.text) referenced from dfs_elm.o(.constdata)
 <LI><a href="#[103]">dfs_elm_ioctl</a> from dfs_elm.o(.text) referenced from dfs_elm.o(.constdata)
 <LI><a href="#[107]">dfs_elm_lseek</a> from dfs_elm.o(.text) referenced from dfs_elm.o(.constdata)
 <LI><a href="#[10b]">dfs_elm_mkfs</a> from dfs_elm.o(.text) referenced from dfs_elm.o(.constdata)
 <LI><a href="#[109]">dfs_elm_mount</a> from dfs_elm.o(.text) referenced from dfs_elm.o(.constdata)
 <LI><a href="#[101]">dfs_elm_open</a> from dfs_elm.o(.text) referenced from dfs_elm.o(.constdata)
 <LI><a href="#[104]">dfs_elm_read</a> from dfs_elm.o(.text) referenced from dfs_elm.o(.constdata)
 <LI><a href="#[10f]">dfs_elm_rename</a> from dfs_elm.o(.text) referenced from dfs_elm.o(.constdata)
 <LI><a href="#[10e]">dfs_elm_stat</a> from dfs_elm.o(.text) referenced from dfs_elm.o(.constdata)
 <LI><a href="#[10c]">dfs_elm_statfs</a> from dfs_elm.o(.text) referenced from dfs_elm.o(.constdata)
 <LI><a href="#[10d]">dfs_elm_unlink</a> from dfs_elm.o(.text) referenced from dfs_elm.o(.constdata)
 <LI><a href="#[10a]">dfs_elm_unmount</a> from dfs_elm.o(.text) referenced from dfs_elm.o(.constdata)
 <LI><a href="#[105]">dfs_elm_write</a> from dfs_elm.o(.text) referenced from dfs_elm.o(.constdata)
 <LI><a href="#[14e]">dfs_init</a> from dfs.o(.text) referenced from dfs.o(.rti_fn.2)
 <LI><a href="#[14f]">elm_init</a> from dfs_elm.o(.text) referenced from dfs_elm.o(.rti_fn.4)
 <LI><a href="#[5a]">fct_app_thread_entry</a> from fct_app.o(.text) referenced from fct_app.o(.text)
 <LI><a href="#[151]">finsh_system_init</a> from shell.o(.text) referenced from shell.o(.rti_fn.6)
 <LI><a href="#[535]">finsh_thread_entry</a> from shell.o(.text) referenced from shell.o(.text)
 <LI><a href="#[163]">hello</a> from cmd.o(.text) referenced from cmd.o(FSymTab)
 <LI><a href="#[150]">libc_system_init</a> from libc.o(.text) referenced from libc.o(.rti_fn.4)
 <LI><a href="#[16f]">list</a> from cmd.o(.text) referenced from cmd.o(FSymTab)
 <LI><a href="#[16e]">list_device</a> from cmd.o(.text) referenced 2 times from cmd.o(FSymTab)
 <LI><a href="#[167]">list_event</a> from cmd.o(.text) referenced 2 times from cmd.o(FSymTab)
 <LI><a href="#[15a]">list_fd</a> from dfs.o(.text) referenced from dfs.o(FSymTab)
 <LI><a href="#[169]">list_mailbox</a> from cmd.o(.text) referenced 2 times from cmd.o(FSymTab)
 <LI><a href="#[155]">list_mem</a> from mem.o(.text) referenced from mem.o(FSymTab)
 <LI><a href="#[16b]">list_memheap</a> from cmd.o(.text) referenced 2 times from cmd.o(FSymTab)
 <LI><a href="#[16c]">list_mempool</a> from cmd.o(.text) referenced 2 times from cmd.o(FSymTab)
 <LI><a href="#[16a]">list_msgqueue</a> from cmd.o(.text) referenced 2 times from cmd.o(FSymTab)
 <LI><a href="#[168]">list_mutex</a> from cmd.o(.text) referenced 2 times from cmd.o(FSymTab)
 <LI><a href="#[166]">list_sem</a> from cmd.o(.text) referenced 2 times from cmd.o(FSymTab)
 <LI><a href="#[165]">list_thread</a> from cmd.o(.text) referenced 2 times from cmd.o(FSymTab)
 <LI><a href="#[16d]">list_timer</a> from cmd.o(.text) referenced 2 times from cmd.o(FSymTab)
 <LI><a href="#[15b]">ls</a> from dfs_file.o(.text) referenced from dfs_file.o(FSymTab)
 <LI><a href="#[161]">mkdir</a> from dfs_posix.o(.text) referenced from dfs_posix.o(FSymTab)
 <LI><a href="#[15f]">mkfs</a> from dfs_fs.o(.text) referenced from dfs_fs.o(FSymTab)
 <LI><a href="#[171]">msh_enter</a> from msh.o(.text) referenced from msh.o(FSymTab)
 <LI><a href="#[170]">msh_exit</a> from msh.o(.text) referenced from msh.o(FSymTab)
 <LI><a href="#[172]">msh_help</a> from msh.o(.text) referenced from msh.o(FSymTab)
 <LI><a href="#[25d]">pin_irq_hdr_acc</a> from systeminit.o(.text) referenced from systeminit.o(.text)
 <LI><a href="#[153]">reboot</a> from user_finsh_cmd.o(.text) referenced 2 times from user_finsh_cmd.o(FSymTab)
 <LI><a href="#[71]">retry_delay_100us</a> from spi_flash_sfud.o(.text) referenced from spi_flash_sfud.o(.text)
 <LI><a href="#[15c]">rm</a> from dfs_file.o(.text) referenced from dfs_file.o(FSymTab)
 <LI><a href="#[14c]">rt_hw_spi_init</a> from spi_master.o(.text) referenced from spi_master.o(.rti_fn.1)
 <LI><a href="#[1e0]">rt_init_thread_entry</a> from main.o(.text) referenced from main.o(.text)
 <LI><a href="#[7b]">rt_msd_close</a> from spi_msd.o(.text) referenced from spi_msd.o(.text)
 <LI><a href="#[7c]">rt_msd_control</a> from spi_msd.o(.text) referenced from spi_msd.o(.text)
 <LI><a href="#[79]">rt_msd_init</a> from spi_msd.o(.text) referenced from spi_msd.o(.text)
 <LI><a href="#[7a]">rt_msd_open</a> from spi_msd.o(.text) referenced from spi_msd.o(.text)
 <LI><a href="#[77]">rt_msd_read</a> from spi_msd.o(.text) referenced from spi_msd.o(.text)
 <LI><a href="#[75]">rt_msd_sdhc_read</a> from spi_msd.o(.text) referenced from spi_msd.o(.text)
 <LI><a href="#[76]">rt_msd_sdhc_write</a> from spi_msd.o(.text) referenced from spi_msd.o(.text)
 <LI><a href="#[78]">rt_msd_write</a> from spi_msd.o(.text) referenced from spi_msd.o(.text)
 <LI><a href="#[156]">rt_pin_mode</a> from pin.o(.text) referenced from pin.o(FSymTab)
 <LI><a href="#[158]">rt_pin_read</a> from pin.o(.text) referenced from pin.o(FSymTab)
 <LI><a href="#[157]">rt_pin_write</a> from pin.o(.text) referenced from pin.o(FSymTab)
 <LI><a href="#[61]">rt_serial_close</a> from serial.o(.text) referenced from serial.o(.text)
 <LI><a href="#[64]">rt_serial_control</a> from serial.o(.text) referenced from serial.o(.text)
 <LI><a href="#[5f]">rt_serial_init</a> from serial.o(.text) referenced from serial.o(.text)
 <LI><a href="#[60]">rt_serial_open</a> from serial.o(.text) referenced from serial.o(.text)
 <LI><a href="#[62]">rt_serial_read</a> from serial.o(.text) referenced from serial.o(.text)
 <LI><a href="#[63]">rt_serial_write</a> from serial.o(.text) referenced from serial.o(.text)
 <LI><a href="#[74]">rt_sfud_control</a> from spi_flash_sfud.o(.text) referenced from spi_flash_sfud.o(.text)
 <LI><a href="#[72]">rt_sfud_read</a> from spi_flash_sfud.o(.text) referenced from spi_flash_sfud.o(.text)
 <LI><a href="#[73]">rt_sfud_write</a> from spi_flash_sfud.o(.text) referenced from spi_flash_sfud.o(.text)
 <LI><a href="#[1f6]">rt_system_scheduler_hook</a> from main.o(.text) referenced from main.o(.text)
 <LI><a href="#[3de]">rt_thread_exit</a> from thread.o(.text) referenced from thread.o(.text)
 <LI><a href="#[5c]">rt_thread_idle_entry</a> from idle.o(.text) referenced from idle.o(.text)
 <LI><a href="#[1c8]">rt_thread_idle_hook</a> from main.o(.text) referenced from main.o(.text)
 <LI><a href="#[3e1]">rt_thread_timeout</a> from thread.o(.text) referenced from thread.o(.text)
 <LI><a href="#[5d]">rt_thread_timer_entry</a> from timer.o(.text) referenced from timer.o(.text)
 <LI><a href="#[14d]">rti_board_end</a> from components.o(.text) referenced from components.o(.rti_fn.1.end)
 <LI><a href="#[14a]">rti_board_start</a> from components.o(.text) referenced from components.o(.rti_fn.0.end)
 <LI><a href="#[152]">rti_end</a> from components.o(.text) referenced from components.o(.rti_fn.6.end)
 <LI><a href="#[149]">rti_start</a> from components.o(.text) referenced from components.o(.rti_fn.0)
 <LI><a href="#[fc]">serial_fops_close</a> from serial.o(.text) referenced from serial.o(.constdata)
 <LI><a href="#[fd]">serial_fops_ioctl</a> from serial.o(.text) referenced from serial.o(.constdata)
 <LI><a href="#[fb]">serial_fops_open</a> from serial.o(.text) referenced from serial.o(.constdata)
 <LI><a href="#[100]">serial_fops_poll</a> from serial.o(.text) referenced from serial.o(.constdata)
 <LI><a href="#[fe]">serial_fops_read</a> from serial.o(.text) referenced from serial.o(.constdata)
 <LI><a href="#[5e]">serial_fops_rx_ind</a> from serial.o(.text) referenced from serial.o(.text)
 <LI><a href="#[ff]">serial_fops_write</a> from serial.o(.text) referenced from serial.o(.constdata)
 <LI><a href="#[159]">sf</a> from spi_flash_sfud.o(.text) referenced from spi_flash_sfud.o(FSymTab)
 <LI><a href="#[6f]">spi_lock</a> from spi_flash_sfud.o(.text) referenced from spi_flash_sfud.o(.text)
 <LI><a href="#[70]">spi_unlock</a> from spi_flash_sfud.o(.text) referenced from spi_flash_sfud.o(.text)
 <LI><a href="#[6e]">spi_write_read</a> from spi_flash_sfud.o(.text) referenced from spi_flash_sfud.o(.text)
 <LI><a href="#[81]">stm32_configure</a> from usart.o(.text) referenced from usart.o(.constdata)
 <LI><a href="#[82]">stm32_control</a> from usart.o(.text) referenced from usart.o(.constdata)
 <LI><a href="#[84]">stm32_getc</a> from usart.o(.text) referenced from usart.o(.constdata)
 <LI><a href="#[14b]">stm32_hw_pin_init</a> from gpio.o(.text) referenced from gpio.o(.rti_fn.1)
 <LI><a href="#[88]">stm32_pin_attach_irq</a> from gpio.o(.text) referenced from gpio.o(.constdata)
 <LI><a href="#[89]">stm32_pin_detach_irq</a> from gpio.o(.text) referenced from gpio.o(.constdata)
 <LI><a href="#[8a]">stm32_pin_irq_enable</a> from gpio.o(.text) referenced from gpio.o(.constdata)
 <LI><a href="#[85]">stm32_pin_mode</a> from gpio.o(.text) referenced from gpio.o(.constdata)
 <LI><a href="#[87]">stm32_pin_read</a> from gpio.o(.text) referenced from gpio.o(.constdata)
 <LI><a href="#[86]">stm32_pin_write</a> from gpio.o(.text) referenced from gpio.o(.constdata)
 <LI><a href="#[83]">stm32_putc</a> from usart.o(.text) referenced from usart.o(.constdata)
 <LI><a href="#[d]">stm32_spi_configure</a> from spi_master.o(.text) referenced 2 times from spi_master.o(.data)
 <LI><a href="#[e]">stm32_spi_xfer</a> from spi_master.o(.text) referenced 2 times from spi_master.o(.data)
 <LI><a href="#[8b]">stm32f10x_pin_irq_hdr_num_01</a> from gpio.o(.text) referenced from gpio.o(.constdata)
 <LI><a href="#[8c]">stm32f10x_pin_irq_hdr_num_02</a> from gpio.o(.text) referenced from gpio.o(.constdata)
 <LI><a href="#[8d]">stm32f10x_pin_irq_hdr_num_03</a> from gpio.o(.text) referenced from gpio.o(.constdata)
 <LI><a href="#[8e]">stm32f10x_pin_irq_hdr_num_04</a> from gpio.o(.text) referenced from gpio.o(.constdata)
 <LI><a href="#[8f]">stm32f10x_pin_irq_hdr_num_05</a> from gpio.o(.text) referenced from gpio.o(.constdata)
 <LI><a href="#[90]">stm32f10x_pin_irq_hdr_num_07</a> from gpio.o(.text) referenced from gpio.o(.constdata)
 <LI><a href="#[91]">stm32f10x_pin_irq_hdr_num_08</a> from gpio.o(.text) referenced from gpio.o(.constdata)
 <LI><a href="#[92]">stm32f10x_pin_irq_hdr_num_09</a> from gpio.o(.text) referenced from gpio.o(.constdata)
 <LI><a href="#[93]">stm32f10x_pin_irq_hdr_num_10</a> from gpio.o(.text) referenced from gpio.o(.constdata)
 <LI><a href="#[d8]">stm32f10x_pin_irq_hdr_num_100</a> from gpio.o(.text) referenced from gpio.o(.constdata)
 <LI><a href="#[d9]">stm32f10x_pin_irq_hdr_num_101</a> from gpio.o(.text) referenced from gpio.o(.constdata)
 <LI><a href="#[da]">stm32f10x_pin_irq_hdr_num_102</a> from gpio.o(.text) referenced from gpio.o(.constdata)
 <LI><a href="#[db]">stm32f10x_pin_irq_hdr_num_103</a> from gpio.o(.text) referenced from gpio.o(.constdata)
 <LI><a href="#[dc]">stm32f10x_pin_irq_hdr_num_104</a> from gpio.o(.text) referenced from gpio.o(.constdata)
 <LI><a href="#[dd]">stm32f10x_pin_irq_hdr_num_105</a> from gpio.o(.text) referenced from gpio.o(.constdata)
 <LI><a href="#[de]">stm32f10x_pin_irq_hdr_num_109</a> from gpio.o(.text) referenced from gpio.o(.constdata)
 <LI><a href="#[94]">stm32f10x_pin_irq_hdr_num_11</a> from gpio.o(.text) referenced from gpio.o(.constdata)
 <LI><a href="#[df]">stm32f10x_pin_irq_hdr_num_110</a> from gpio.o(.text) referenced from gpio.o(.constdata)
 <LI><a href="#[e0]">stm32f10x_pin_irq_hdr_num_111</a> from gpio.o(.text) referenced from gpio.o(.constdata)
 <LI><a href="#[e1]">stm32f10x_pin_irq_hdr_num_112</a> from gpio.o(.text) referenced from gpio.o(.constdata)
 <LI><a href="#[e2]">stm32f10x_pin_irq_hdr_num_113</a> from gpio.o(.text) referenced from gpio.o(.constdata)
 <LI><a href="#[e3]">stm32f10x_pin_irq_hdr_num_114</a> from gpio.o(.text) referenced from gpio.o(.constdata)
 <LI><a href="#[e4]">stm32f10x_pin_irq_hdr_num_115</a> from gpio.o(.text) referenced from gpio.o(.constdata)
 <LI><a href="#[e5]">stm32f10x_pin_irq_hdr_num_116</a> from gpio.o(.text) referenced from gpio.o(.constdata)
 <LI><a href="#[e6]">stm32f10x_pin_irq_hdr_num_117</a> from gpio.o(.text) referenced from gpio.o(.constdata)
 <LI><a href="#[e7]">stm32f10x_pin_irq_hdr_num_118</a> from gpio.o(.text) referenced from gpio.o(.constdata)
 <LI><a href="#[e8]">stm32f10x_pin_irq_hdr_num_119</a> from gpio.o(.text) referenced from gpio.o(.constdata)
 <LI><a href="#[95]">stm32f10x_pin_irq_hdr_num_12</a> from gpio.o(.text) referenced from gpio.o(.constdata)
 <LI><a href="#[e9]">stm32f10x_pin_irq_hdr_num_122</a> from gpio.o(.text) referenced from gpio.o(.constdata)
 <LI><a href="#[ea]">stm32f10x_pin_irq_hdr_num_123</a> from gpio.o(.text) referenced from gpio.o(.constdata)
 <LI><a href="#[eb]">stm32f10x_pin_irq_hdr_num_124</a> from gpio.o(.text) referenced from gpio.o(.constdata)
 <LI><a href="#[ec]">stm32f10x_pin_irq_hdr_num_125</a> from gpio.o(.text) referenced from gpio.o(.constdata)
 <LI><a href="#[ed]">stm32f10x_pin_irq_hdr_num_126</a> from gpio.o(.text) referenced from gpio.o(.constdata)
 <LI><a href="#[ee]">stm32f10x_pin_irq_hdr_num_127</a> from gpio.o(.text) referenced from gpio.o(.constdata)
 <LI><a href="#[ef]">stm32f10x_pin_irq_hdr_num_128</a> from gpio.o(.text) referenced from gpio.o(.constdata)
 <LI><a href="#[f0]">stm32f10x_pin_irq_hdr_num_129</a> from gpio.o(.text) referenced from gpio.o(.constdata)
 <LI><a href="#[96]">stm32f10x_pin_irq_hdr_num_13</a> from gpio.o(.text) referenced from gpio.o(.constdata)
 <LI><a href="#[f1]">stm32f10x_pin_irq_hdr_num_132</a> from gpio.o(.text) referenced from gpio.o(.constdata)
 <LI><a href="#[f2]">stm32f10x_pin_irq_hdr_num_133</a> from gpio.o(.text) referenced from gpio.o(.constdata)
 <LI><a href="#[f3]">stm32f10x_pin_irq_hdr_num_134</a> from gpio.o(.text) referenced from gpio.o(.constdata)
 <LI><a href="#[f4]">stm32f10x_pin_irq_hdr_num_135</a> from gpio.o(.text) referenced from gpio.o(.constdata)
 <LI><a href="#[f5]">stm32f10x_pin_irq_hdr_num_136</a> from gpio.o(.text) referenced from gpio.o(.constdata)
 <LI><a href="#[f6]">stm32f10x_pin_irq_hdr_num_137</a> from gpio.o(.text) referenced from gpio.o(.constdata)
 <LI><a href="#[f7]">stm32f10x_pin_irq_hdr_num_139</a> from gpio.o(.text) referenced from gpio.o(.constdata)
 <LI><a href="#[97]">stm32f10x_pin_irq_hdr_num_14</a> from gpio.o(.text) referenced from gpio.o(.constdata)
 <LI><a href="#[f8]">stm32f10x_pin_irq_hdr_num_140</a> from gpio.o(.text) referenced from gpio.o(.constdata)
 <LI><a href="#[f9]">stm32f10x_pin_irq_hdr_num_141</a> from gpio.o(.text) referenced from gpio.o(.constdata)
 <LI><a href="#[fa]">stm32f10x_pin_irq_hdr_num_142</a> from gpio.o(.text) referenced from gpio.o(.constdata)
 <LI><a href="#[98]">stm32f10x_pin_irq_hdr_num_15</a> from gpio.o(.text) referenced from gpio.o(.constdata)
 <LI><a href="#[99]">stm32f10x_pin_irq_hdr_num_18</a> from gpio.o(.text) referenced from gpio.o(.constdata)
 <LI><a href="#[9a]">stm32f10x_pin_irq_hdr_num_19</a> from gpio.o(.text) referenced from gpio.o(.constdata)
 <LI><a href="#[9b]">stm32f10x_pin_irq_hdr_num_20</a> from gpio.o(.text) referenced from gpio.o(.constdata)
 <LI><a href="#[9c]">stm32f10x_pin_irq_hdr_num_21</a> from gpio.o(.text) referenced from gpio.o(.constdata)
 <LI><a href="#[9d]">stm32f10x_pin_irq_hdr_num_22</a> from gpio.o(.text) referenced from gpio.o(.constdata)
 <LI><a href="#[9e]">stm32f10x_pin_irq_hdr_num_26</a> from gpio.o(.text) referenced from gpio.o(.constdata)
 <LI><a href="#[9f]">stm32f10x_pin_irq_hdr_num_27</a> from gpio.o(.text) referenced from gpio.o(.constdata)
 <LI><a href="#[a0]">stm32f10x_pin_irq_hdr_num_28</a> from gpio.o(.text) referenced from gpio.o(.constdata)
 <LI><a href="#[a1]">stm32f10x_pin_irq_hdr_num_29</a> from gpio.o(.text) referenced from gpio.o(.constdata)
 <LI><a href="#[a2]">stm32f10x_pin_irq_hdr_num_34</a> from gpio.o(.text) referenced from gpio.o(.constdata)
 <LI><a href="#[a3]">stm32f10x_pin_irq_hdr_num_35</a> from gpio.o(.text) referenced from gpio.o(.constdata)
 <LI><a href="#[a4]">stm32f10x_pin_irq_hdr_num_36</a> from gpio.o(.text) referenced from gpio.o(.constdata)
 <LI><a href="#[a5]">stm32f10x_pin_irq_hdr_num_37</a> from gpio.o(.text) referenced from gpio.o(.constdata)
 <LI><a href="#[a6]">stm32f10x_pin_irq_hdr_num_40</a> from gpio.o(.text) referenced from gpio.o(.constdata)
 <LI><a href="#[a7]">stm32f10x_pin_irq_hdr_num_41</a> from gpio.o(.text) referenced from gpio.o(.constdata)
 <LI><a href="#[a8]">stm32f10x_pin_irq_hdr_num_42</a> from gpio.o(.text) referenced from gpio.o(.constdata)
 <LI><a href="#[a9]">stm32f10x_pin_irq_hdr_num_43</a> from gpio.o(.text) referenced from gpio.o(.constdata)
 <LI><a href="#[aa]">stm32f10x_pin_irq_hdr_num_44</a> from gpio.o(.text) referenced from gpio.o(.constdata)
 <LI><a href="#[ab]">stm32f10x_pin_irq_hdr_num_45</a> from gpio.o(.text) referenced from gpio.o(.constdata)
 <LI><a href="#[ac]">stm32f10x_pin_irq_hdr_num_46</a> from gpio.o(.text) referenced from gpio.o(.constdata)
 <LI><a href="#[ad]">stm32f10x_pin_irq_hdr_num_47</a> from gpio.o(.text) referenced from gpio.o(.constdata)
 <LI><a href="#[ae]">stm32f10x_pin_irq_hdr_num_48</a> from gpio.o(.text) referenced from gpio.o(.constdata)
 <LI><a href="#[af]">stm32f10x_pin_irq_hdr_num_49</a> from gpio.o(.text) referenced from gpio.o(.constdata)
 <LI><a href="#[b0]">stm32f10x_pin_irq_hdr_num_50</a> from gpio.o(.text) referenced from gpio.o(.constdata)
 <LI><a href="#[b1]">stm32f10x_pin_irq_hdr_num_53</a> from gpio.o(.text) referenced from gpio.o(.constdata)
 <LI><a href="#[b2]">stm32f10x_pin_irq_hdr_num_54</a> from gpio.o(.text) referenced from gpio.o(.constdata)
 <LI><a href="#[b3]">stm32f10x_pin_irq_hdr_num_55</a> from gpio.o(.text) referenced from gpio.o(.constdata)
 <LI><a href="#[b4]">stm32f10x_pin_irq_hdr_num_56</a> from gpio.o(.text) referenced from gpio.o(.constdata)
 <LI><a href="#[b5]">stm32f10x_pin_irq_hdr_num_57</a> from gpio.o(.text) referenced from gpio.o(.constdata)
 <LI><a href="#[b6]">stm32f10x_pin_irq_hdr_num_58</a> from gpio.o(.text) referenced from gpio.o(.constdata)
 <LI><a href="#[b7]">stm32f10x_pin_irq_hdr_num_59</a> from gpio.o(.text) referenced from gpio.o(.constdata)
 <LI><a href="#[b8]">stm32f10x_pin_irq_hdr_num_60</a> from gpio.o(.text) referenced from gpio.o(.constdata)
 <LI><a href="#[b9]">stm32f10x_pin_irq_hdr_num_63</a> from gpio.o(.text) referenced from gpio.o(.constdata)
 <LI><a href="#[ba]">stm32f10x_pin_irq_hdr_num_64</a> from gpio.o(.text) referenced from gpio.o(.constdata)
 <LI><a href="#[bb]">stm32f10x_pin_irq_hdr_num_65</a> from gpio.o(.text) referenced from gpio.o(.constdata)
 <LI><a href="#[bc]">stm32f10x_pin_irq_hdr_num_66</a> from gpio.o(.text) referenced from gpio.o(.constdata)
 <LI><a href="#[bd]">stm32f10x_pin_irq_hdr_num_67</a> from gpio.o(.text) referenced from gpio.o(.constdata)
 <LI><a href="#[be]">stm32f10x_pin_irq_hdr_num_68</a> from gpio.o(.text) referenced from gpio.o(.constdata)
 <LI><a href="#[bf]">stm32f10x_pin_irq_hdr_num_69</a> from gpio.o(.text) referenced from gpio.o(.constdata)
 <LI><a href="#[c0]">stm32f10x_pin_irq_hdr_num_70</a> from gpio.o(.text) referenced from gpio.o(.constdata)
 <LI><a href="#[c1]">stm32f10x_pin_irq_hdr_num_73</a> from gpio.o(.text) referenced from gpio.o(.constdata)
 <LI><a href="#[c2]">stm32f10x_pin_irq_hdr_num_74</a> from gpio.o(.text) referenced from gpio.o(.constdata)
 <LI><a href="#[c3]">stm32f10x_pin_irq_hdr_num_75</a> from gpio.o(.text) referenced from gpio.o(.constdata)
 <LI><a href="#[c4]">stm32f10x_pin_irq_hdr_num_76</a> from gpio.o(.text) referenced from gpio.o(.constdata)
 <LI><a href="#[c5]">stm32f10x_pin_irq_hdr_num_77</a> from gpio.o(.text) referenced from gpio.o(.constdata)
 <LI><a href="#[c6]">stm32f10x_pin_irq_hdr_num_78</a> from gpio.o(.text) referenced from gpio.o(.constdata)
 <LI><a href="#[c7]">stm32f10x_pin_irq_hdr_num_79</a> from gpio.o(.text) referenced from gpio.o(.constdata)
 <LI><a href="#[c8]">stm32f10x_pin_irq_hdr_num_80</a> from gpio.o(.text) referenced from gpio.o(.constdata)
 <LI><a href="#[c9]">stm32f10x_pin_irq_hdr_num_81</a> from gpio.o(.text) referenced from gpio.o(.constdata)
 <LI><a href="#[ca]">stm32f10x_pin_irq_hdr_num_82</a> from gpio.o(.text) referenced from gpio.o(.constdata)
 <LI><a href="#[cb]">stm32f10x_pin_irq_hdr_num_85</a> from gpio.o(.text) referenced from gpio.o(.constdata)
 <LI><a href="#[cc]">stm32f10x_pin_irq_hdr_num_86</a> from gpio.o(.text) referenced from gpio.o(.constdata)
 <LI><a href="#[cd]">stm32f10x_pin_irq_hdr_num_87</a> from gpio.o(.text) referenced from gpio.o(.constdata)
 <LI><a href="#[ce]">stm32f10x_pin_irq_hdr_num_88</a> from gpio.o(.text) referenced from gpio.o(.constdata)
 <LI><a href="#[cf]">stm32f10x_pin_irq_hdr_num_89</a> from gpio.o(.text) referenced from gpio.o(.constdata)
 <LI><a href="#[d0]">stm32f10x_pin_irq_hdr_num_90</a> from gpio.o(.text) referenced from gpio.o(.constdata)
 <LI><a href="#[d1]">stm32f10x_pin_irq_hdr_num_91</a> from gpio.o(.text) referenced from gpio.o(.constdata)
 <LI><a href="#[d2]">stm32f10x_pin_irq_hdr_num_92</a> from gpio.o(.text) referenced from gpio.o(.constdata)
 <LI><a href="#[d3]">stm32f10x_pin_irq_hdr_num_93</a> from gpio.o(.text) referenced from gpio.o(.constdata)
 <LI><a href="#[d4]">stm32f10x_pin_irq_hdr_num_96</a> from gpio.o(.text) referenced from gpio.o(.constdata)
 <LI><a href="#[d5]">stm32f10x_pin_irq_hdr_num_97</a> from gpio.o(.text) referenced from gpio.o(.constdata)
 <LI><a href="#[d6]">stm32f10x_pin_irq_hdr_num_98</a> from gpio.o(.text) referenced from gpio.o(.constdata)
 <LI><a href="#[d7]">stm32f10x_pin_irq_hdr_num_99</a> from gpio.o(.text) referenced from gpio.o(.constdata)
 <LI><a href="#[154]">sysclock</a> from user_finsh_cmd.o(.text) referenced 2 times from user_finsh_cmd.o(FSymTab)
 <LI><a href="#[59]">task_schedule_thread_entry</a> from taskschedule.o(.text) referenced from taskschedule.o(.text)
 <LI><a href="#[164]">version</a> from cmd.o(.text) referenced 2 times from cmd.o(FSymTab)
 <LI><a href="#[58]">watchDog_thread_entry</a> from wdogmanage.o(.text) referenced from wdogmanage.o(.text)
</UL>
<P>
<H3>
Global Symbols
</H3>
<P><STRONG><a name="[181]"></a>__main</STRONG> (Thumb, 8 bytes, Stack size 0 bytes, __main.o(!!!main))
<BR><BR>[Calls]<UL><LI><a href="#[182]">&gt;&gt;</a>&nbsp;&nbsp;&nbsp;__scatterload
<LI><a href="#[183]">&gt;&gt;</a>&nbsp;&nbsp;&nbsp;__rt_entry
</UL>

<P><STRONG><a name="[182]"></a>__scatterload</STRONG> (Thumb, 0 bytes, Stack size unknown bytes, __scatter.o(!!!scatter))
<BR><BR>[Called By]<UL><LI><a href="#[181]">&gt;&gt;</a>&nbsp;&nbsp;&nbsp;__main
</UL>

<P><STRONG><a name="[184]"></a>__scatterload_rt2</STRONG> (Thumb, 44 bytes, Stack size unknown bytes, __scatter.o(!!!scatter), UNUSED)
<BR><BR>[Calls]<UL><LI><a href="#[183]">&gt;&gt;</a>&nbsp;&nbsp;&nbsp;__rt_entry
</UL>

<P><STRONG><a name="[59e]"></a>__scatterload_rt2_thumb_only</STRONG> (Thumb, 0 bytes, Stack size unknown bytes, __scatter.o(!!!scatter), UNUSED)

<P><STRONG><a name="[59f]"></a>__scatterload_null</STRONG> (Thumb, 0 bytes, Stack size unknown bytes, __scatter.o(!!!scatter), UNUSED)

<P><STRONG><a name="[5a0]"></a>__decompress</STRONG> (Thumb, 90 bytes, Stack size unknown bytes, __dczerorl2.o(!!dczerorl2), UNUSED)

<P><STRONG><a name="[5a1]"></a>__decompress1</STRONG> (Thumb, 0 bytes, Stack size unknown bytes, __dczerorl2.o(!!dczerorl2), UNUSED)

<P><STRONG><a name="[5a2]"></a>__scatterload_zeroinit</STRONG> (Thumb, 28 bytes, Stack size unknown bytes, __scatter_zi.o(!!handler_zi), UNUSED)

<P><STRONG><a name="[185]"></a>_printf_f</STRONG> (Thumb, 0 bytes, Stack size unknown bytes, _printf_f.o(.ARM.Collect$$_printf_percent$$00000003))
<BR><BR>[Stack]<UL><LI>Max Depth = 320 + Unknown Stack Size
<LI>Call Chain = _printf_f &rArr; _printf_fp_dec &rArr; _printf_fp_dec_real &rArr; _fp_digits &rArr; _btod_etento &rArr; _btod_emul &rArr; _e2e
</UL>
<BR>[Calls]<UL><LI><a href="#[186]">&gt;&gt;</a>&nbsp;&nbsp;&nbsp;_printf_fp_dec
</UL>

<P><STRONG><a name="[55c]"></a>_printf_percent</STRONG> (Thumb, 0 bytes, Stack size unknown bytes, _printf_percent.o(.ARM.Collect$$_printf_percent$$00000000))
<BR><BR>[Called By]<UL><LI><a href="#[55a]">&gt;&gt;</a>&nbsp;&nbsp;&nbsp;__printf
</UL>

<P><STRONG><a name="[187]"></a>_printf_d</STRONG> (Thumb, 0 bytes, Stack size unknown bytes, _printf_d.o(.ARM.Collect$$_printf_percent$$00000009))
<BR><BR>[Stack]<UL><LI>Max Depth = 72 + Unknown Stack Size
<LI>Call Chain = _printf_d &rArr; _printf_int_dec &rArr; _printf_int_common &rArr; _printf_post_padding
</UL>
<BR>[Calls]<UL><LI><a href="#[188]">&gt;&gt;</a>&nbsp;&nbsp;&nbsp;_printf_int_dec
</UL>

<P><STRONG><a name="[189]"></a>_printf_x</STRONG> (Thumb, 0 bytes, Stack size unknown bytes, _printf_x.o(.ARM.Collect$$_printf_percent$$0000000C))
<BR><BR>[Stack]<UL><LI>Max Depth = 64 + Unknown Stack Size
<LI>Call Chain = _printf_x &rArr; _printf_int_hex &rArr; _printf_int_common &rArr; _printf_post_padding
</UL>
<BR>[Calls]<UL><LI><a href="#[18a]">&gt;&gt;</a>&nbsp;&nbsp;&nbsp;_printf_int_hex
</UL>

<P><STRONG><a name="[18b]"></a>_printf_s</STRONG> (Thumb, 0 bytes, Stack size unknown bytes, _printf_s.o(.ARM.Collect$$_printf_percent$$00000014))
<BR><BR>[Stack]<UL><LI>Max Depth = 40 + Unknown Stack Size
<LI>Call Chain = _printf_s &rArr; _printf_string &rArr; _printf_cs_common &rArr; _printf_str &rArr; _printf_post_padding
</UL>
<BR>[Calls]<UL><LI><a href="#[18c]">&gt;&gt;</a>&nbsp;&nbsp;&nbsp;_printf_string
</UL>

<P><STRONG><a name="[5a3]"></a>_printf_percent_end</STRONG> (Thumb, 0 bytes, Stack size unknown bytes, _printf_percent_end.o(.ARM.Collect$$_printf_percent$$00000017))

<P><STRONG><a name="[199]"></a>__rt_lib_init</STRONG> (Thumb, 0 bytes, Stack size unknown bytes, libinit.o(.ARM.Collect$$libinit$$00000000))
<BR><BR>[Called By]<UL><LI><a href="#[198]">&gt;&gt;</a>&nbsp;&nbsp;&nbsp;__rt_entry_li
</UL>

<P><STRONG><a name="[5a4]"></a>__rt_lib_init_fp_1</STRONG> (Thumb, 0 bytes, Stack size unknown bytes, libinit2.o(.ARM.Collect$$libinit$$00000002))

<P><STRONG><a name="[5a5]"></a>__rt_lib_init_heap_1</STRONG> (Thumb, 0 bytes, Stack size unknown bytes, libinit2.o(.ARM.Collect$$libinit$$0000000A))

<P><STRONG><a name="[18d]"></a>__rt_lib_init_lc_common</STRONG> (Thumb, 0 bytes, Stack size unknown bytes, libinit2.o(.ARM.Collect$$libinit$$0000000F))
<BR><BR>[Calls]<UL><LI><a href="#[18e]">&gt;&gt;</a>&nbsp;&nbsp;&nbsp;__rt_locale
</UL>

<P><STRONG><a name="[5a6]"></a>__rt_lib_init_preinit_1</STRONG> (Thumb, 0 bytes, Stack size unknown bytes, libinit2.o(.ARM.Collect$$libinit$$00000004))

<P><STRONG><a name="[5a7]"></a>__rt_lib_init_rand_1</STRONG> (Thumb, 0 bytes, Stack size unknown bytes, libinit2.o(.ARM.Collect$$libinit$$0000000E))

<P><STRONG><a name="[5a8]"></a>__rt_lib_init_user_alloc_1</STRONG> (Thumb, 0 bytes, Stack size unknown bytes, libinit2.o(.ARM.Collect$$libinit$$0000000C))

<P><STRONG><a name="[5a9]"></a>__rt_lib_init_lc_collate_1</STRONG> (Thumb, 0 bytes, Stack size unknown bytes, libinit2.o(.ARM.Collect$$libinit$$00000011))

<P><STRONG><a name="[18f]"></a>__rt_lib_init_lc_ctype_2</STRONG> (Thumb, 0 bytes, Stack size unknown bytes, libinit2.o(.ARM.Collect$$libinit$$00000012))
<BR><BR>[Stack]<UL><LI>Max Depth = 8 + Unknown Stack Size
<LI>Call Chain = __rt_lib_init_lc_ctype_2 &rArr; _get_lc_ctype
</UL>
<BR>[Calls]<UL><LI><a href="#[80]">&gt;&gt;</a>&nbsp;&nbsp;&nbsp;_get_lc_ctype
</UL>

<P><STRONG><a name="[5aa]"></a>__rt_lib_init_lc_ctype_1</STRONG> (Thumb, 0 bytes, Stack size unknown bytes, libinit2.o(.ARM.Collect$$libinit$$00000013))

<P><STRONG><a name="[5ab]"></a>__rt_lib_init_lc_monetary_1</STRONG> (Thumb, 0 bytes, Stack size unknown bytes, libinit2.o(.ARM.Collect$$libinit$$00000015))

<P><STRONG><a name="[190]"></a>__rt_lib_init_lc_numeric_2</STRONG> (Thumb, 0 bytes, Stack size unknown bytes, libinit2.o(.ARM.Collect$$libinit$$00000016))
<BR><BR>[Stack]<UL><LI>Max Depth = 8 + Unknown Stack Size
<LI>Call Chain = __rt_lib_init_lc_numeric_2 &rArr; _get_lc_numeric
</UL>
<BR>[Calls]<UL><LI><a href="#[191]">&gt;&gt;</a>&nbsp;&nbsp;&nbsp;_get_lc_numeric
</UL>

<P><STRONG><a name="[5ac]"></a>__rt_lib_init_atexit_1</STRONG> (Thumb, 0 bytes, Stack size unknown bytes, libinit2.o(.ARM.Collect$$libinit$$0000001B))

<P><STRONG><a name="[5ad]"></a>__rt_lib_init_clock_1</STRONG> (Thumb, 0 bytes, Stack size unknown bytes, libinit2.o(.ARM.Collect$$libinit$$00000021))

<P><STRONG><a name="[5ae]"></a>__rt_lib_init_fp_trap_1</STRONG> (Thumb, 0 bytes, Stack size unknown bytes, libinit2.o(.ARM.Collect$$libinit$$0000001F))

<P><STRONG><a name="[5af]"></a>__rt_lib_init_getenv_1</STRONG> (Thumb, 0 bytes, Stack size unknown bytes, libinit2.o(.ARM.Collect$$libinit$$00000023))

<P><STRONG><a name="[5b0]"></a>__rt_lib_init_lc_numeric_1</STRONG> (Thumb, 0 bytes, Stack size unknown bytes, libinit2.o(.ARM.Collect$$libinit$$00000017))

<P><STRONG><a name="[5b1]"></a>__rt_lib_init_lc_time_1</STRONG> (Thumb, 0 bytes, Stack size unknown bytes, libinit2.o(.ARM.Collect$$libinit$$00000019))

<P><STRONG><a name="[5b2]"></a>__rt_lib_init_signal_1</STRONG> (Thumb, 0 bytes, Stack size unknown bytes, libinit2.o(.ARM.Collect$$libinit$$0000001D))

<P><STRONG><a name="[192]"></a>__rt_lib_init_stdio_2</STRONG> (Thumb, 0 bytes, Stack size unknown bytes, libinit2.o(.ARM.Collect$$libinit$$00000024))
<BR><BR>[Stack]<UL><LI>Max Depth = 576 + Unknown Stack Size
<LI>Call Chain = __rt_lib_init_stdio_2 &rArr; _initio &rArr; freopen &rArr; _sys_open &rArr; open &rArr; dfs_file_open &rArr; fd_is_open &rArr; dfs_normalize_path &rArr; rt_strdup &rArr; rt_malloc &rArr; rt_sem_take &rArr; rt_timer_start &rArr; rt_schedule &rArr; _rt_scheduler_stack_check &rArr; list_thread &rArr; _list_thread &rArr; object_split &rArr; rt_kprintf &rArr; rt_vsnprintf &rArr; print_number
</UL>
<BR>[Calls]<UL><LI><a href="#[193]">&gt;&gt;</a>&nbsp;&nbsp;&nbsp;_initio
</UL>

<P><STRONG><a name="[5b3]"></a>__rt_lib_init_alloca_1</STRONG> (Thumb, 0 bytes, Stack size unknown bytes, libinit2.o(.ARM.Collect$$libinit$$0000002E))

<P><STRONG><a name="[5b4]"></a>__rt_lib_init_argv_1</STRONG> (Thumb, 0 bytes, Stack size unknown bytes, libinit2.o(.ARM.Collect$$libinit$$0000002C))

<P><STRONG><a name="[5b5]"></a>__rt_lib_init_cpp_1</STRONG> (Thumb, 0 bytes, Stack size unknown bytes, libinit2.o(.ARM.Collect$$libinit$$00000032))

<P><STRONG><a name="[5b6]"></a>__rt_lib_init_exceptions_1</STRONG> (Thumb, 0 bytes, Stack size unknown bytes, libinit2.o(.ARM.Collect$$libinit$$00000030))

<P><STRONG><a name="[5b7]"></a>__rt_lib_init_return</STRONG> (Thumb, 0 bytes, Stack size unknown bytes, libinit2.o(.ARM.Collect$$libinit$$00000033))

<P><STRONG><a name="[5b8]"></a>__rt_lib_init_stdio_1</STRONG> (Thumb, 0 bytes, Stack size unknown bytes, libinit2.o(.ARM.Collect$$libinit$$00000025))

<P><STRONG><a name="[19e]"></a>__rt_lib_shutdown</STRONG> (Thumb, 0 bytes, Stack size unknown bytes, libshutdown.o(.ARM.Collect$$libshutdown$$00000000))
<BR><BR>[Called By]<UL><LI><a href="#[19d]">&gt;&gt;</a>&nbsp;&nbsp;&nbsp;__rt_exit_ls
</UL>

<P><STRONG><a name="[5b9]"></a>__rt_lib_shutdown_cpp_1</STRONG> (Thumb, 0 bytes, Stack size unknown bytes, libshutdown2.o(.ARM.Collect$$libshutdown$$00000002))

<P><STRONG><a name="[194]"></a>__rt_lib_shutdown_stdio_2</STRONG> (Thumb, 0 bytes, Stack size unknown bytes, libshutdown2.o(.ARM.Collect$$libshutdown$$00000003))
<BR><BR>[Stack]<UL><LI>Max Depth = 536 + Unknown Stack Size
<LI>Call Chain = __rt_lib_shutdown_stdio_2 &rArr; _terminateio &rArr; _fclose_internal &rArr; _fflush &rArr; _writebuf &rArr; _sys_write &rArr; libc_stdio_write &rArr; write &rArr; fd_put &rArr; rt_free &rArr; rt_sem_take &rArr; rt_timer_start &rArr; rt_schedule &rArr; _rt_scheduler_stack_check &rArr; list_thread &rArr; _list_thread &rArr; object_split &rArr; rt_kprintf &rArr; rt_vsnprintf &rArr; print_number
</UL>
<BR>[Calls]<UL><LI><a href="#[195]">&gt;&gt;</a>&nbsp;&nbsp;&nbsp;_terminateio
</UL>

<P><STRONG><a name="[5ba]"></a>__rt_lib_shutdown_fp_trap_1</STRONG> (Thumb, 0 bytes, Stack size unknown bytes, libshutdown2.o(.ARM.Collect$$libshutdown$$00000007))

<P><STRONG><a name="[5bb]"></a>__rt_lib_shutdown_heap_1</STRONG> (Thumb, 0 bytes, Stack size unknown bytes, libshutdown2.o(.ARM.Collect$$libshutdown$$0000000F))

<P><STRONG><a name="[5bc]"></a>__rt_lib_shutdown_return</STRONG> (Thumb, 0 bytes, Stack size unknown bytes, libshutdown2.o(.ARM.Collect$$libshutdown$$00000010))

<P><STRONG><a name="[5bd]"></a>__rt_lib_shutdown_signal_1</STRONG> (Thumb, 0 bytes, Stack size unknown bytes, libshutdown2.o(.ARM.Collect$$libshutdown$$0000000A))

<P><STRONG><a name="[5be]"></a>__rt_lib_shutdown_stdio_1</STRONG> (Thumb, 0 bytes, Stack size unknown bytes, libshutdown2.o(.ARM.Collect$$libshutdown$$00000004))

<P><STRONG><a name="[5bf]"></a>__rt_lib_shutdown_user_alloc_1</STRONG> (Thumb, 0 bytes, Stack size unknown bytes, libshutdown2.o(.ARM.Collect$$libshutdown$$0000000C))

<P><STRONG><a name="[183]"></a>__rt_entry</STRONG> (Thumb, 0 bytes, Stack size unknown bytes, __rtentry.o(.ARM.Collect$$rtentry$$00000000))
<BR><BR>[Called By]<UL><LI><a href="#[184]">&gt;&gt;</a>&nbsp;&nbsp;&nbsp;__scatterload_rt2
<LI><a href="#[181]">&gt;&gt;</a>&nbsp;&nbsp;&nbsp;__main
</UL>

<P><STRONG><a name="[5c0]"></a>__rt_entry_presh_1</STRONG> (Thumb, 0 bytes, Stack size unknown bytes, __rtentry2.o(.ARM.Collect$$rtentry$$00000002))

<P><STRONG><a name="[196]"></a>__rt_entry_sh</STRONG> (Thumb, 0 bytes, Stack size unknown bytes, __rtentry4.o(.ARM.Collect$$rtentry$$00000004))
<BR><BR>[Stack]<UL><LI>Max Depth = 8 + Unknown Stack Size
<LI>Call Chain = __rt_entry_sh &rArr; __user_setup_stackheap
</UL>
<BR>[Calls]<UL><LI><a href="#[197]">&gt;&gt;</a>&nbsp;&nbsp;&nbsp;__user_setup_stackheap
</UL>

<P><STRONG><a name="[198]"></a>__rt_entry_li</STRONG> (Thumb, 0 bytes, Stack size unknown bytes, __rtentry2.o(.ARM.Collect$$rtentry$$0000000A))
<BR><BR>[Calls]<UL><LI><a href="#[199]">&gt;&gt;</a>&nbsp;&nbsp;&nbsp;__rt_lib_init
</UL>

<P><STRONG><a name="[5c1]"></a>__rt_entry_postsh_1</STRONG> (Thumb, 0 bytes, Stack size unknown bytes, __rtentry2.o(.ARM.Collect$$rtentry$$00000009))

<P><STRONG><a name="[19a]"></a>__rt_entry_main</STRONG> (Thumb, 0 bytes, Stack size unknown bytes, __rtentry2.o(.ARM.Collect$$rtentry$$0000000D))
<BR><BR>[Stack]<UL><LI>Max Depth = 496 + Unknown Stack Size
<LI>Call Chain = __rt_entry_main &rArr; main &rArr; rtthread_startup &rArr; rt_application_init &rArr; rt_thread_create &rArr; rt_object_allocate &rArr; rt_malloc &rArr; rt_sem_take &rArr; rt_timer_start &rArr; rt_schedule &rArr; _rt_scheduler_stack_check &rArr; list_thread &rArr; _list_thread &rArr; object_split &rArr; rt_kprintf &rArr; rt_vsnprintf &rArr; print_number
</UL>
<BR>[Calls]<UL><LI><a href="#[19b]">&gt;&gt;</a>&nbsp;&nbsp;&nbsp;main
<LI><a href="#[19c]">&gt;&gt;</a>&nbsp;&nbsp;&nbsp;exit
</UL>

<P><STRONG><a name="[5c2]"></a>__rt_entry_postli_1</STRONG> (Thumb, 0 bytes, Stack size unknown bytes, __rtentry2.o(.ARM.Collect$$rtentry$$0000000C))

<P><STRONG><a name="[58a]"></a>__rt_exit</STRONG> (Thumb, 0 bytes, Stack size unknown bytes, rtexit.o(.ARM.Collect$$rtexit$$00000000))
<BR><BR>[Called By]<UL><LI><a href="#[19c]">&gt;&gt;</a>&nbsp;&nbsp;&nbsp;exit
</UL>

<P><STRONG><a name="[19d]"></a>__rt_exit_ls</STRONG> (Thumb, 0 bytes, Stack size unknown bytes, rtexit2.o(.ARM.Collect$$rtexit$$00000003))
<BR><BR>[Calls]<UL><LI><a href="#[19e]">&gt;&gt;</a>&nbsp;&nbsp;&nbsp;__rt_lib_shutdown
</UL>

<P><STRONG><a name="[5c3]"></a>__rt_exit_prels_1</STRONG> (Thumb, 0 bytes, Stack size unknown bytes, rtexit2.o(.ARM.Collect$$rtexit$$00000002))

<P><STRONG><a name="[19f]"></a>__rt_exit_exit</STRONG> (Thumb, 0 bytes, Stack size unknown bytes, rtexit2.o(.ARM.Collect$$rtexit$$00000004))
<BR><BR>[Calls]<UL><LI><a href="#[1a0]">&gt;&gt;</a>&nbsp;&nbsp;&nbsp;_sys_exit
</UL>

<P><STRONG><a name="[56]"></a>SystemInit</STRONG> (Thumb, 92 bytes, Stack size 8 bytes, system_stm32f10x.o(.text))
<BR><BR>[Stack]<UL><LI>Max Depth = 28<LI>Call Chain = SystemInit &rArr; SetSysClock &rArr; SetSysClockTo72
</UL>
<BR>[Calls]<UL><LI><a href="#[1a1]">&gt;&gt;</a>&nbsp;&nbsp;&nbsp;SetSysClock
</UL>
<BR>[Called By]<UL><LI><a href="#[1f4]">&gt;&gt;</a>&nbsp;&nbsp;&nbsp;rt_hw_board_init
</UL>
<BR>[Address Reference Count : 1]<UL><LI> startup_stm32f10x_cl.o(.text)
</UL>
<P><STRONG><a name="[2fc]"></a>SystemCoreClockUpdate</STRONG> (Thumb, 232 bytes, Stack size 20 bytes, system_stm32f10x.o(.text))
<BR><BR>[Stack]<UL><LI>Max Depth = 20<LI>Call Chain = SystemCoreClockUpdate
</UL>
<BR>[Called By]<UL><LI><a href="#[1f4]">&gt;&gt;</a>&nbsp;&nbsp;&nbsp;rt_hw_board_init
</UL>

<P><STRONG><a name="[f]"></a>Reset_Handler</STRONG> (Thumb, 8 bytes, Stack size 0 bytes, startup_stm32f10x_cl.o(.text))
<BR>[Address Reference Count : 1]<UL><LI> startup_stm32f10x_cl.o(RESET)
</UL>
<P><STRONG><a name="[2b]"></a>ADC1_2_IRQHandler</STRONG> (Thumb, 0 bytes, Stack size 0 bytes, startup_stm32f10x_cl.o(.text))
<BR><BR>[Calls]<UL><LI><a href="#[2b]">&gt;&gt;</a>&nbsp;&nbsp;&nbsp;ADC1_2_IRQHandler
</UL>
<BR>[Called By]<UL><LI><a href="#[2b]">&gt;&gt;</a>&nbsp;&nbsp;&nbsp;ADC1_2_IRQHandler
</UL>
<BR>[Address Reference Count : 1]<UL><LI> startup_stm32f10x_cl.o(RESET)
</UL>
<P><STRONG><a name="[2d]"></a>CAN1_RX0_IRQHandler</STRONG> (Thumb, 0 bytes, Stack size 0 bytes, startup_stm32f10x_cl.o(.text))
<BR>[Address Reference Count : 1]<UL><LI> startup_stm32f10x_cl.o(RESET)
</UL>
<P><STRONG><a name="[2e]"></a>CAN1_RX1_IRQHandler</STRONG> (Thumb, 0 bytes, Stack size 0 bytes, startup_stm32f10x_cl.o(.text))
<BR>[Address Reference Count : 1]<UL><LI> startup_stm32f10x_cl.o(RESET)
</UL>
<P><STRONG><a name="[2f]"></a>CAN1_SCE_IRQHandler</STRONG> (Thumb, 0 bytes, Stack size 0 bytes, startup_stm32f10x_cl.o(.text))
<BR>[Address Reference Count : 1]<UL><LI> startup_stm32f10x_cl.o(RESET)
</UL>
<P><STRONG><a name="[2c]"></a>CAN1_TX_IRQHandler</STRONG> (Thumb, 0 bytes, Stack size 0 bytes, startup_stm32f10x_cl.o(.text))
<BR>[Address Reference Count : 1]<UL><LI> startup_stm32f10x_cl.o(RESET)
</UL>
<P><STRONG><a name="[52]"></a>CAN2_RX0_IRQHandler</STRONG> (Thumb, 0 bytes, Stack size 0 bytes, startup_stm32f10x_cl.o(.text))
<BR>[Address Reference Count : 1]<UL><LI> startup_stm32f10x_cl.o(RESET)
</UL>
<P><STRONG><a name="[53]"></a>CAN2_RX1_IRQHandler</STRONG> (Thumb, 0 bytes, Stack size 0 bytes, startup_stm32f10x_cl.o(.text))
<BR>[Address Reference Count : 1]<UL><LI> startup_stm32f10x_cl.o(RESET)
</UL>
<P><STRONG><a name="[54]"></a>CAN2_SCE_IRQHandler</STRONG> (Thumb, 0 bytes, Stack size 0 bytes, startup_stm32f10x_cl.o(.text))
<BR>[Address Reference Count : 1]<UL><LI> startup_stm32f10x_cl.o(RESET)
</UL>
<P><STRONG><a name="[51]"></a>CAN2_TX_IRQHandler</STRONG> (Thumb, 0 bytes, Stack size 0 bytes, startup_stm32f10x_cl.o(.text))
<BR>[Address Reference Count : 1]<UL><LI> startup_stm32f10x_cl.o(RESET)
</UL>
<P><STRONG><a name="[24]"></a>DMA1_Channel1_IRQHandler</STRONG> (Thumb, 0 bytes, Stack size 0 bytes, startup_stm32f10x_cl.o(.text))
<BR>[Address Reference Count : 1]<UL><LI> startup_stm32f10x_cl.o(RESET)
</UL>
<P><STRONG><a name="[25]"></a>DMA1_Channel2_IRQHandler</STRONG> (Thumb, 0 bytes, Stack size 0 bytes, startup_stm32f10x_cl.o(.text))
<BR>[Address Reference Count : 1]<UL><LI> startup_stm32f10x_cl.o(RESET)
</UL>
<P><STRONG><a name="[26]"></a>DMA1_Channel3_IRQHandler</STRONG> (Thumb, 0 bytes, Stack size 0 bytes, startup_stm32f10x_cl.o(.text))
<BR>[Address Reference Count : 1]<UL><LI> startup_stm32f10x_cl.o(RESET)
</UL>
<P><STRONG><a name="[27]"></a>DMA1_Channel4_IRQHandler</STRONG> (Thumb, 0 bytes, Stack size 0 bytes, startup_stm32f10x_cl.o(.text))
<BR>[Address Reference Count : 1]<UL><LI> startup_stm32f10x_cl.o(RESET)
</UL>
<P><STRONG><a name="[29]"></a>DMA1_Channel6_IRQHandler</STRONG> (Thumb, 0 bytes, Stack size 0 bytes, startup_stm32f10x_cl.o(.text))
<BR>[Address Reference Count : 1]<UL><LI> startup_stm32f10x_cl.o(RESET)
</UL>
<P><STRONG><a name="[2a]"></a>DMA1_Channel7_IRQHandler</STRONG> (Thumb, 0 bytes, Stack size 0 bytes, startup_stm32f10x_cl.o(.text))
<BR>[Address Reference Count : 1]<UL><LI> startup_stm32f10x_cl.o(RESET)
</UL>
<P><STRONG><a name="[4a]"></a>DMA2_Channel1_IRQHandler</STRONG> (Thumb, 0 bytes, Stack size 0 bytes, startup_stm32f10x_cl.o(.text))
<BR>[Address Reference Count : 1]<UL><LI> startup_stm32f10x_cl.o(RESET)
</UL>
<P><STRONG><a name="[4b]"></a>DMA2_Channel2_IRQHandler</STRONG> (Thumb, 0 bytes, Stack size 0 bytes, startup_stm32f10x_cl.o(.text))
<BR>[Address Reference Count : 1]<UL><LI> startup_stm32f10x_cl.o(RESET)
</UL>
<P><STRONG><a name="[4d]"></a>DMA2_Channel4_IRQHandler</STRONG> (Thumb, 0 bytes, Stack size 0 bytes, startup_stm32f10x_cl.o(.text))
<BR>[Address Reference Count : 1]<UL><LI> startup_stm32f10x_cl.o(RESET)
</UL>
<P><STRONG><a name="[4e]"></a>DMA2_Channel5_IRQHandler</STRONG> (Thumb, 0 bytes, Stack size 0 bytes, startup_stm32f10x_cl.o(.text))
<BR>[Address Reference Count : 1]<UL><LI> startup_stm32f10x_cl.o(RESET)
</UL>
<P><STRONG><a name="[4f]"></a>ETH_IRQHandler</STRONG> (Thumb, 0 bytes, Stack size 0 bytes, startup_stm32f10x_cl.o(.text))
<BR>[Address Reference Count : 1]<UL><LI> startup_stm32f10x_cl.o(RESET)
</UL>
<P><STRONG><a name="[50]"></a>ETH_WKUP_IRQHandler</STRONG> (Thumb, 0 bytes, Stack size 0 bytes, startup_stm32f10x_cl.o(.text))
<BR>[Address Reference Count : 1]<UL><LI> startup_stm32f10x_cl.o(RESET)
</UL>
<P><STRONG><a name="[1d]"></a>FLASH_IRQHandler</STRONG> (Thumb, 0 bytes, Stack size 0 bytes, startup_stm32f10x_cl.o(.text))
<BR>[Address Reference Count : 1]<UL><LI> startup_stm32f10x_cl.o(RESET)
</UL>
<P><STRONG><a name="[39]"></a>I2C1_ER_IRQHandler</STRONG> (Thumb, 0 bytes, Stack size 0 bytes, startup_stm32f10x_cl.o(.text))
<BR>[Address Reference Count : 1]<UL><LI> startup_stm32f10x_cl.o(RESET)
</UL>
<P><STRONG><a name="[38]"></a>I2C1_EV_IRQHandler</STRONG> (Thumb, 0 bytes, Stack size 0 bytes, startup_stm32f10x_cl.o(.text))
<BR>[Address Reference Count : 1]<UL><LI> startup_stm32f10x_cl.o(RESET)
</UL>
<P><STRONG><a name="[3b]"></a>I2C2_ER_IRQHandler</STRONG> (Thumb, 0 bytes, Stack size 0 bytes, startup_stm32f10x_cl.o(.text))
<BR>[Address Reference Count : 1]<UL><LI> startup_stm32f10x_cl.o(RESET)
</UL>
<P><STRONG><a name="[3a]"></a>I2C2_EV_IRQHandler</STRONG> (Thumb, 0 bytes, Stack size 0 bytes, startup_stm32f10x_cl.o(.text))
<BR>[Address Reference Count : 1]<UL><LI> startup_stm32f10x_cl.o(RESET)
</UL>
<P><STRONG><a name="[55]"></a>OTG_FS_IRQHandler</STRONG> (Thumb, 0 bytes, Stack size 0 bytes, startup_stm32f10x_cl.o(.text))
<BR>[Address Reference Count : 1]<UL><LI> startup_stm32f10x_cl.o(RESET)
</UL>
<P><STRONG><a name="[43]"></a>OTG_FS_WKUP_IRQHandler</STRONG> (Thumb, 0 bytes, Stack size 0 bytes, startup_stm32f10x_cl.o(.text))
<BR>[Address Reference Count : 1]<UL><LI> startup_stm32f10x_cl.o(RESET)
</UL>
<P><STRONG><a name="[1a]"></a>PVD_IRQHandler</STRONG> (Thumb, 0 bytes, Stack size 0 bytes, startup_stm32f10x_cl.o(.text))
<BR>[Address Reference Count : 1]<UL><LI> startup_stm32f10x_cl.o(RESET)
</UL>
<P><STRONG><a name="[1e]"></a>RCC_IRQHandler</STRONG> (Thumb, 0 bytes, Stack size 0 bytes, startup_stm32f10x_cl.o(.text))
<BR>[Address Reference Count : 1]<UL><LI> startup_stm32f10x_cl.o(RESET)
</UL>
<P><STRONG><a name="[42]"></a>RTCAlarm_IRQHandler</STRONG> (Thumb, 0 bytes, Stack size 0 bytes, startup_stm32f10x_cl.o(.text))
<BR>[Address Reference Count : 1]<UL><LI> startup_stm32f10x_cl.o(RESET)
</UL>
<P><STRONG><a name="[1c]"></a>RTC_IRQHandler</STRONG> (Thumb, 0 bytes, Stack size 0 bytes, startup_stm32f10x_cl.o(.text))
<BR>[Address Reference Count : 1]<UL><LI> startup_stm32f10x_cl.o(RESET)
</UL>
<P><STRONG><a name="[3c]"></a>SPI1_IRQHandler</STRONG> (Thumb, 0 bytes, Stack size 0 bytes, startup_stm32f10x_cl.o(.text))
<BR>[Address Reference Count : 1]<UL><LI> startup_stm32f10x_cl.o(RESET)
</UL>
<P><STRONG><a name="[3d]"></a>SPI2_IRQHandler</STRONG> (Thumb, 0 bytes, Stack size 0 bytes, startup_stm32f10x_cl.o(.text))
<BR>[Address Reference Count : 1]<UL><LI> startup_stm32f10x_cl.o(RESET)
</UL>
<P><STRONG><a name="[45]"></a>SPI3_IRQHandler</STRONG> (Thumb, 0 bytes, Stack size 0 bytes, startup_stm32f10x_cl.o(.text))
<BR>[Address Reference Count : 1]<UL><LI> startup_stm32f10x_cl.o(RESET)
</UL>
<P><STRONG><a name="[1b]"></a>TAMPER_IRQHandler</STRONG> (Thumb, 0 bytes, Stack size 0 bytes, startup_stm32f10x_cl.o(.text))
<BR>[Address Reference Count : 1]<UL><LI> startup_stm32f10x_cl.o(RESET)
</UL>
<P><STRONG><a name="[31]"></a>TIM1_BRK_IRQHandler</STRONG> (Thumb, 0 bytes, Stack size 0 bytes, startup_stm32f10x_cl.o(.text))
<BR>[Address Reference Count : 1]<UL><LI> startup_stm32f10x_cl.o(RESET)
</UL>
<P><STRONG><a name="[33]"></a>TIM1_TRG_COM_IRQHandler</STRONG> (Thumb, 0 bytes, Stack size 0 bytes, startup_stm32f10x_cl.o(.text))
<BR>[Address Reference Count : 1]<UL><LI> startup_stm32f10x_cl.o(RESET)
</UL>
<P><STRONG><a name="[32]"></a>TIM1_UP_IRQHandler</STRONG> (Thumb, 0 bytes, Stack size 0 bytes, startup_stm32f10x_cl.o(.text))
<BR>[Address Reference Count : 1]<UL><LI> startup_stm32f10x_cl.o(RESET)
</UL>
<P><STRONG><a name="[35]"></a>TIM2_IRQHandler</STRONG> (Thumb, 0 bytes, Stack size 0 bytes, startup_stm32f10x_cl.o(.text))
<BR>[Address Reference Count : 1]<UL><LI> startup_stm32f10x_cl.o(RESET)
</UL>
<P><STRONG><a name="[37]"></a>TIM4_IRQHandler</STRONG> (Thumb, 0 bytes, Stack size 0 bytes, startup_stm32f10x_cl.o(.text))
<BR>[Address Reference Count : 1]<UL><LI> startup_stm32f10x_cl.o(RESET)
</UL>
<P><STRONG><a name="[48]"></a>TIM6_IRQHandler</STRONG> (Thumb, 0 bytes, Stack size 0 bytes, startup_stm32f10x_cl.o(.text))
<BR>[Address Reference Count : 1]<UL><LI> startup_stm32f10x_cl.o(RESET)
</UL>
<P><STRONG><a name="[3f]"></a>USART2_IRQHandler</STRONG> (Thumb, 0 bytes, Stack size 0 bytes, startup_stm32f10x_cl.o(.text))
<BR>[Address Reference Count : 1]<UL><LI> startup_stm32f10x_cl.o(RESET)
</UL>
<P><STRONG><a name="[40]"></a>USART3_IRQHandler</STRONG> (Thumb, 0 bytes, Stack size 0 bytes, startup_stm32f10x_cl.o(.text))
<BR>[Address Reference Count : 1]<UL><LI> startup_stm32f10x_cl.o(RESET)
</UL>
<P><STRONG><a name="[19]"></a>WWDG_IRQHandler</STRONG> (Thumb, 0 bytes, Stack size 0 bytes, startup_stm32f10x_cl.o(.text))
<BR>[Address Reference Count : 1]<UL><LI> startup_stm32f10x_cl.o(RESET)
</UL>
<P><STRONG><a name="[584]"></a>__user_initial_stackheap</STRONG> (Thumb, 0 bytes, Stack size unknown bytes, startup_stm32f10x_cl.o(.text))
<BR><BR>[Called By]<UL><LI><a href="#[197]">&gt;&gt;</a>&nbsp;&nbsp;&nbsp;__user_setup_stackheap
</UL>

<P><STRONG><a name="[2fa]"></a>NVIC_PriorityGroupConfig</STRONG> (Thumb, 10 bytes, Stack size 0 bytes, misc.o(.text))
<BR><BR>[Called By]<UL><LI><a href="#[2f8]">&gt;&gt;</a>&nbsp;&nbsp;&nbsp;NVIC_Configuration
</UL>

<P><STRONG><a name="[212]"></a>NVIC_Init</STRONG> (Thumb, 100 bytes, Stack size 16 bytes, misc.o(.text))
<BR><BR>[Stack]<UL><LI>Max Depth = 16<LI>Call Chain = NVIC_Init
</UL>
<BR>[Called By]<UL><LI><a href="#[215]">&gt;&gt;</a>&nbsp;&nbsp;&nbsp;InitTimer7
<LI><a href="#[213]">&gt;&gt;</a>&nbsp;&nbsp;&nbsp;InitTimer5
<LI><a href="#[209]">&gt;&gt;</a>&nbsp;&nbsp;&nbsp;InitTimer1
<LI><a href="#[8a]">&gt;&gt;</a>&nbsp;&nbsp;&nbsp;stm32_pin_irq_enable
<LI><a href="#[32f]">&gt;&gt;</a>&nbsp;&nbsp;&nbsp;NVIC_Configuration
<LI><a href="#[320]">&gt;&gt;</a>&nbsp;&nbsp;&nbsp;DMA_Configuration
<LI><a href="#[305]">&gt;&gt;</a>&nbsp;&nbsp;&nbsp;COM_NVIC_Config
<LI><a href="#[2b6]">&gt;&gt;</a>&nbsp;&nbsp;&nbsp;Init_Tim3Pluse
</UL>

<P><STRONG><a name="[2f9]"></a>NVIC_SetVectorTable</STRONG> (Thumb, 14 bytes, Stack size 0 bytes, misc.o(.text))
<BR><BR>[Called By]<UL><LI><a href="#[2f8]">&gt;&gt;</a>&nbsp;&nbsp;&nbsp;NVIC_Configuration
</UL>

<P><STRONG><a name="[5c4]"></a>NVIC_SystemLPConfig</STRONG> (Thumb, 34 bytes, Stack size 0 bytes, misc.o(.text), UNUSED)

<P><STRONG><a name="[5c5]"></a>SysTick_CLKSourceConfig</STRONG> (Thumb, 40 bytes, Stack size 0 bytes, misc.o(.text), UNUSED)

<P><STRONG><a name="[1a3]"></a>ADC_DeInit</STRONG> (Thumb, 78 bytes, Stack size 8 bytes, stm32f10x_adc.o(.text), UNUSED)
<BR><BR>[Calls]<UL><LI><a href="#[1a4]">&gt;&gt;</a>&nbsp;&nbsp;&nbsp;RCC_APB2PeriphResetCmd
</UL>
<BR>[Called By]<UL><LI><a href="#[298]">&gt;&gt;</a>&nbsp;&nbsp;&nbsp;DriveAdc_init
</UL>

<P><STRONG><a name="[289]"></a>ADC_Init</STRONG> (Thumb, 70 bytes, Stack size 12 bytes, stm32f10x_adc.o(.text))
<BR><BR>[Stack]<UL><LI>Max Depth = 12<LI>Call Chain = ADC_Init
</UL>
<BR>[Called By]<UL><LI><a href="#[298]">&gt;&gt;</a>&nbsp;&nbsp;&nbsp;DriveAdc_init
<LI><a href="#[287]">&gt;&gt;</a>&nbsp;&nbsp;&nbsp;Ad_Config
</UL>

<P><STRONG><a name="[5c6]"></a>ADC_StructInit</STRONG> (Thumb, 18 bytes, Stack size 0 bytes, stm32f10x_adc.o(.text), UNUSED)

<P><STRONG><a name="[28c]"></a>ADC_Cmd</STRONG> (Thumb, 22 bytes, Stack size 0 bytes, stm32f10x_adc.o(.text))
<BR><BR>[Called By]<UL><LI><a href="#[29b]">&gt;&gt;</a>&nbsp;&nbsp;&nbsp;Ad_GetValue_two
<LI><a href="#[298]">&gt;&gt;</a>&nbsp;&nbsp;&nbsp;DriveAdc_init
<LI><a href="#[287]">&gt;&gt;</a>&nbsp;&nbsp;&nbsp;Ad_Config
</UL>

<P><STRONG><a name="[28b]"></a>ADC_DMACmd</STRONG> (Thumb, 22 bytes, Stack size 0 bytes, stm32f10x_adc.o(.text))
<BR><BR>[Called By]<UL><LI><a href="#[287]">&gt;&gt;</a>&nbsp;&nbsp;&nbsp;Ad_Config
</UL>

<P><STRONG><a name="[299]"></a>ADC_ITConfig</STRONG> (Thumb, 24 bytes, Stack size 8 bytes, stm32f10x_adc.o(.text), UNUSED)
<BR><BR>[Called By]<UL><LI><a href="#[298]">&gt;&gt;</a>&nbsp;&nbsp;&nbsp;DriveAdc_init
</UL>

<P><STRONG><a name="[28d]"></a>ADC_ResetCalibration</STRONG> (Thumb, 10 bytes, Stack size 0 bytes, stm32f10x_adc.o(.text))
<BR><BR>[Called By]<UL><LI><a href="#[298]">&gt;&gt;</a>&nbsp;&nbsp;&nbsp;DriveAdc_init
<LI><a href="#[287]">&gt;&gt;</a>&nbsp;&nbsp;&nbsp;Ad_Config
</UL>

<P><STRONG><a name="[28e]"></a>ADC_GetResetCalibrationStatus</STRONG> (Thumb, 20 bytes, Stack size 0 bytes, stm32f10x_adc.o(.text))
<BR><BR>[Called By]<UL><LI><a href="#[298]">&gt;&gt;</a>&nbsp;&nbsp;&nbsp;DriveAdc_init
<LI><a href="#[287]">&gt;&gt;</a>&nbsp;&nbsp;&nbsp;Ad_Config
</UL>

<P><STRONG><a name="[28f]"></a>ADC_StartCalibration</STRONG> (Thumb, 10 bytes, Stack size 0 bytes, stm32f10x_adc.o(.text))
<BR><BR>[Called By]<UL><LI><a href="#[298]">&gt;&gt;</a>&nbsp;&nbsp;&nbsp;DriveAdc_init
<LI><a href="#[287]">&gt;&gt;</a>&nbsp;&nbsp;&nbsp;Ad_Config
</UL>

<P><STRONG><a name="[290]"></a>ADC_GetCalibrationStatus</STRONG> (Thumb, 20 bytes, Stack size 0 bytes, stm32f10x_adc.o(.text))
<BR><BR>[Called By]<UL><LI><a href="#[298]">&gt;&gt;</a>&nbsp;&nbsp;&nbsp;DriveAdc_init
<LI><a href="#[287]">&gt;&gt;</a>&nbsp;&nbsp;&nbsp;Ad_Config
</UL>

<P><STRONG><a name="[291]"></a>ADC_SoftwareStartConvCmd</STRONG> (Thumb, 22 bytes, Stack size 0 bytes, stm32f10x_adc.o(.text))
<BR><BR>[Called By]<UL><LI><a href="#[29b]">&gt;&gt;</a>&nbsp;&nbsp;&nbsp;Ad_GetValue_two
<LI><a href="#[287]">&gt;&gt;</a>&nbsp;&nbsp;&nbsp;Ad_Config
</UL>

<P><STRONG><a name="[5c7]"></a>ADC_GetSoftwareStartConvStatus</STRONG> (Thumb, 20 bytes, Stack size 0 bytes, stm32f10x_adc.o(.text), UNUSED)

<P><STRONG><a name="[5c8]"></a>ADC_DiscModeChannelCountConfig</STRONG> (Thumb, 24 bytes, Stack size 8 bytes, stm32f10x_adc.o(.text), UNUSED)

<P><STRONG><a name="[5c9]"></a>ADC_DiscModeCmd</STRONG> (Thumb, 22 bytes, Stack size 0 bytes, stm32f10x_adc.o(.text), UNUSED)

<P><STRONG><a name="[28a]"></a>ADC_RegularChannelConfig</STRONG> (Thumb, 184 bytes, Stack size 20 bytes, stm32f10x_adc.o(.text))
<BR><BR>[Stack]<UL><LI>Max Depth = 20<LI>Call Chain = ADC_RegularChannelConfig
</UL>
<BR>[Called By]<UL><LI><a href="#[29b]">&gt;&gt;</a>&nbsp;&nbsp;&nbsp;Ad_GetValue_two
<LI><a href="#[287]">&gt;&gt;</a>&nbsp;&nbsp;&nbsp;Ad_Config
</UL>

<P><STRONG><a name="[5ca]"></a>ADC_ExternalTrigConvCmd</STRONG> (Thumb, 22 bytes, Stack size 0 bytes, stm32f10x_adc.o(.text), UNUSED)

<P><STRONG><a name="[29e]"></a>ADC_GetConversionValue</STRONG> (Thumb, 8 bytes, Stack size 0 bytes, stm32f10x_adc.o(.text), UNUSED)
<BR><BR>[Called By]<UL><LI><a href="#[29b]">&gt;&gt;</a>&nbsp;&nbsp;&nbsp;Ad_GetValue_two
</UL>

<P><STRONG><a name="[5cb]"></a>ADC_GetDualModeConversionValue</STRONG> (Thumb, 8 bytes, Stack size 0 bytes, stm32f10x_adc.o(.text), UNUSED)

<P><STRONG><a name="[5cc]"></a>ADC_AutoInjectedConvCmd</STRONG> (Thumb, 22 bytes, Stack size 0 bytes, stm32f10x_adc.o(.text), UNUSED)

<P><STRONG><a name="[5cd]"></a>ADC_InjectedDiscModeCmd</STRONG> (Thumb, 22 bytes, Stack size 0 bytes, stm32f10x_adc.o(.text), UNUSED)

<P><STRONG><a name="[5ce]"></a>ADC_ExternalTrigInjectedConvConfig</STRONG> (Thumb, 16 bytes, Stack size 0 bytes, stm32f10x_adc.o(.text), UNUSED)

<P><STRONG><a name="[5cf]"></a>ADC_ExternalTrigInjectedConvCmd</STRONG> (Thumb, 22 bytes, Stack size 0 bytes, stm32f10x_adc.o(.text), UNUSED)

<P><STRONG><a name="[5d0]"></a>ADC_SoftwareStartInjectedConvCmd</STRONG> (Thumb, 22 bytes, Stack size 0 bytes, stm32f10x_adc.o(.text), UNUSED)

<P><STRONG><a name="[5d1]"></a>ADC_GetSoftwareStartInjectedConvCmdStatus</STRONG> (Thumb, 20 bytes, Stack size 0 bytes, stm32f10x_adc.o(.text), UNUSED)

<P><STRONG><a name="[5d2]"></a>ADC_InjectedChannelConfig</STRONG> (Thumb, 130 bytes, Stack size 20 bytes, stm32f10x_adc.o(.text), UNUSED)

<P><STRONG><a name="[5d3]"></a>ADC_InjectedSequencerLengthConfig</STRONG> (Thumb, 24 bytes, Stack size 8 bytes, stm32f10x_adc.o(.text), UNUSED)

<P><STRONG><a name="[5d4]"></a>ADC_SetInjectedOffset</STRONG> (Thumb, 20 bytes, Stack size 8 bytes, stm32f10x_adc.o(.text), UNUSED)

<P><STRONG><a name="[5d5]"></a>ADC_GetInjectedConversionValue</STRONG> (Thumb, 28 bytes, Stack size 8 bytes, stm32f10x_adc.o(.text), UNUSED)

<P><STRONG><a name="[5d6]"></a>ADC_AnalogWatchdogCmd</STRONG> (Thumb, 16 bytes, Stack size 0 bytes, stm32f10x_adc.o(.text), UNUSED)

<P><STRONG><a name="[5d7]"></a>ADC_AnalogWatchdogThresholdsConfig</STRONG> (Thumb, 6 bytes, Stack size 0 bytes, stm32f10x_adc.o(.text), UNUSED)

<P><STRONG><a name="[5d8]"></a>ADC_AnalogWatchdogSingleChannelConfig</STRONG> (Thumb, 16 bytes, Stack size 0 bytes, stm32f10x_adc.o(.text), UNUSED)

<P><STRONG><a name="[5d9]"></a>ADC_TempSensorVrefintCmd</STRONG> (Thumb, 64 bytes, Stack size 0 bytes, stm32f10x_adc.o(.text), UNUSED)

<P><STRONG><a name="[29d]"></a>ADC_GetFlagStatus</STRONG> (Thumb, 18 bytes, Stack size 0 bytes, stm32f10x_adc.o(.text), UNUSED)
<BR><BR>[Called By]<UL><LI><a href="#[29b]">&gt;&gt;</a>&nbsp;&nbsp;&nbsp;Ad_GetValue_two
</UL>

<P><STRONG><a name="[29c]"></a>ADC_ClearFlag</STRONG> (Thumb, 6 bytes, Stack size 0 bytes, stm32f10x_adc.o(.text), UNUSED)
<BR><BR>[Called By]<UL><LI><a href="#[29b]">&gt;&gt;</a>&nbsp;&nbsp;&nbsp;Ad_GetValue_two
</UL>

<P><STRONG><a name="[5da]"></a>ADC_GetITStatus</STRONG> (Thumb, 36 bytes, Stack size 16 bytes, stm32f10x_adc.o(.text), UNUSED)

<P><STRONG><a name="[5db]"></a>ADC_ClearITPendingBit</STRONG> (Thumb, 10 bytes, Stack size 0 bytes, stm32f10x_adc.o(.text), UNUSED)

<P><STRONG><a name="[1a5]"></a>BKP_DeInit</STRONG> (Thumb, 16 bytes, Stack size 8 bytes, stm32f10x_bkp.o(.text))
<BR><BR>[Stack]<UL><LI>Max Depth = 8<LI>Call Chain = BKP_DeInit
</UL>
<BR>[Calls]<UL><LI><a href="#[1a6]">&gt;&gt;</a>&nbsp;&nbsp;&nbsp;RCC_BackupResetCmd
</UL>
<BR>[Called By]<UL><LI><a href="#[279]">&gt;&gt;</a>&nbsp;&nbsp;&nbsp;RTC_Configuration
</UL>

<P><STRONG><a name="[5dc]"></a>BKP_TamperPinLevelConfig</STRONG> (Thumb, 6 bytes, Stack size 0 bytes, stm32f10x_bkp.o(.text), UNUSED)

<P><STRONG><a name="[283]"></a>BKP_TamperPinCmd</STRONG> (Thumb, 8 bytes, Stack size 0 bytes, stm32f10x_bkp.o(.text))
<BR><BR>[Called By]<UL><LI><a href="#[262]">&gt;&gt;</a>&nbsp;&nbsp;&nbsp;InitRtc
</UL>

<P><STRONG><a name="[5dd]"></a>BKP_ITConfig</STRONG> (Thumb, 8 bytes, Stack size 0 bytes, stm32f10x_bkp.o(.text), UNUSED)

<P><STRONG><a name="[284]"></a>BKP_RTCOutputConfig</STRONG> (Thumb, 22 bytes, Stack size 0 bytes, stm32f10x_bkp.o(.text))
<BR><BR>[Called By]<UL><LI><a href="#[262]">&gt;&gt;</a>&nbsp;&nbsp;&nbsp;InitRtc
</UL>

<P><STRONG><a name="[5de]"></a>BKP_SetRTCCalibrationValue</STRONG> (Thumb, 22 bytes, Stack size 0 bytes, stm32f10x_bkp.o(.text), UNUSED)

<P><STRONG><a name="[282]"></a>BKP_WriteBackupRegister</STRONG> (Thumb, 24 bytes, Stack size 8 bytes, stm32f10x_bkp.o(.text))
<BR><BR>[Stack]<UL><LI>Max Depth = 8<LI>Call Chain = BKP_WriteBackupRegister
</UL>
<BR>[Called By]<UL><LI><a href="#[262]">&gt;&gt;</a>&nbsp;&nbsp;&nbsp;InitRtc
</UL>

<P><STRONG><a name="[281]"></a>BKP_ReadBackupRegister</STRONG> (Thumb, 26 bytes, Stack size 8 bytes, stm32f10x_bkp.o(.text))
<BR><BR>[Stack]<UL><LI>Max Depth = 8<LI>Call Chain = BKP_ReadBackupRegister
</UL>
<BR>[Called By]<UL><LI><a href="#[262]">&gt;&gt;</a>&nbsp;&nbsp;&nbsp;InitRtc
</UL>

<P><STRONG><a name="[5df]"></a>BKP_GetFlagStatus</STRONG> (Thumb, 10 bytes, Stack size 0 bytes, stm32f10x_bkp.o(.text), UNUSED)

<P><STRONG><a name="[5e0]"></a>BKP_ClearFlag</STRONG> (Thumb, 18 bytes, Stack size 0 bytes, stm32f10x_bkp.o(.text), UNUSED)

<P><STRONG><a name="[5e1]"></a>BKP_GetITStatus</STRONG> (Thumb, 10 bytes, Stack size 0 bytes, stm32f10x_bkp.o(.text), UNUSED)

<P><STRONG><a name="[5e2]"></a>BKP_ClearITPendingBit</STRONG> (Thumb, 18 bytes, Stack size 0 bytes, stm32f10x_bkp.o(.text), UNUSED)

<P><STRONG><a name="[294]"></a>DMA_DeInit</STRONG> (Thumb, 324 bytes, Stack size 0 bytes, stm32f10x_dma.o(.text))
<BR><BR>[Called By]<UL><LI><a href="#[293]">&gt;&gt;</a>&nbsp;&nbsp;&nbsp;Ad_Dma_Config
<LI><a href="#[320]">&gt;&gt;</a>&nbsp;&nbsp;&nbsp;DMA_Configuration
</UL>

<P><STRONG><a name="[295]"></a>DMA_Init</STRONG> (Thumb, 60 bytes, Stack size 8 bytes, stm32f10x_dma.o(.text))
<BR><BR>[Stack]<UL><LI>Max Depth = 8<LI>Call Chain = DMA_Init
</UL>
<BR>[Called By]<UL><LI><a href="#[293]">&gt;&gt;</a>&nbsp;&nbsp;&nbsp;Ad_Dma_Config
<LI><a href="#[320]">&gt;&gt;</a>&nbsp;&nbsp;&nbsp;DMA_Configuration
</UL>

<P><STRONG><a name="[5e3]"></a>DMA_StructInit</STRONG> (Thumb, 26 bytes, Stack size 0 bytes, stm32f10x_dma.o(.text), UNUSED)

<P><STRONG><a name="[296]"></a>DMA_Cmd</STRONG> (Thumb, 24 bytes, Stack size 0 bytes, stm32f10x_dma.o(.text))
<BR><BR>[Called By]<UL><LI><a href="#[293]">&gt;&gt;</a>&nbsp;&nbsp;&nbsp;Ad_Dma_Config
[...]
</UL>
<BR>[Called By]<UL><LI><a href="#[50d]">&gt;&gt;</a>&nbsp;&nbsp;&nbsp;proc_variable_decl
<LI><a href="#[505]">&gt;&gt;</a>&nbsp;&nbsp;&nbsp;proc_cast_expr
</UL>

<P><STRONG><a name="[505]"></a>proc_cast_expr</STRONG> (Thumb, 78 bytes, Stack size 24 bytes, finsh_parser.o(.text))
<BR><BR>[Stack]<UL><LI>Max Depth = 352 + In Cycle
<LI>Call Chain = proc_cast_expr &rArr;  proc_cast_expr (Cycle)
</UL>
<BR>[Calls]<UL><LI><a href="#[4ff]">&gt;&gt;</a>&nbsp;&nbsp;&nbsp;finsh_token_token
<LI><a href="#[505]">&gt;&gt;</a>&nbsp;&nbsp;&nbsp;proc_cast_expr
<LI><a href="#[506]">&gt;&gt;</a>&nbsp;&nbsp;&nbsp;proc_type
<LI><a href="#[504]">&gt;&gt;</a>&nbsp;&nbsp;&nbsp;proc_unary_expr
<LI><a href="#[4e0]">&gt;&gt;</a>&nbsp;&nbsp;&nbsp;finsh_error_set
</UL>
<BR>[Called By]<UL><LI><a href="#[507]">&gt;&gt;</a>&nbsp;&nbsp;&nbsp;proc_multiplicative_expr
<LI><a href="#[505]">&gt;&gt;</a>&nbsp;&nbsp;&nbsp;proc_cast_expr
<LI><a href="#[504]">&gt;&gt;</a>&nbsp;&nbsp;&nbsp;proc_unary_expr
</UL>

<P><STRONG><a name="[507]"></a>proc_multiplicative_expr</STRONG> (Thumb, 138 bytes, Stack size 24 bytes, finsh_parser.o(.text))
<BR><BR>[Stack]<UL><LI>Max Depth = 376<LI>Call Chain = proc_multiplicative_expr &rArr; proc_cast_expr &rArr;  proc_cast_expr (Cycle)
</UL>
<BR>[Calls]<UL><LI><a href="#[4ff]">&gt;&gt;</a>&nbsp;&nbsp;&nbsp;finsh_token_token
<LI><a href="#[505]">&gt;&gt;</a>&nbsp;&nbsp;&nbsp;proc_cast_expr
<LI><a href="#[4fc]">&gt;&gt;</a>&nbsp;&nbsp;&nbsp;make_sys_node
<LI><a href="#[4e0]">&gt;&gt;</a>&nbsp;&nbsp;&nbsp;finsh_error_set
</UL>
<BR>[Called By]<UL><LI><a href="#[508]">&gt;&gt;</a>&nbsp;&nbsp;&nbsp;proc_additive_expr
</UL>

<P><STRONG><a name="[508]"></a>proc_additive_expr</STRONG> (Thumb, 114 bytes, Stack size 24 bytes, finsh_parser.o(.text))
<BR><BR>[Stack]<UL><LI>Max Depth = 400<LI>Call Chain = proc_additive_expr &rArr; proc_multiplicative_expr &rArr; proc_cast_expr &rArr;  proc_cast_expr (Cycle)
</UL>
<BR>[Calls]<UL><LI><a href="#[4ff]">&gt;&gt;</a>&nbsp;&nbsp;&nbsp;finsh_token_token
<LI><a href="#[507]">&gt;&gt;</a>&nbsp;&nbsp;&nbsp;proc_multiplicative_expr
<LI><a href="#[4fc]">&gt;&gt;</a>&nbsp;&nbsp;&nbsp;make_sys_node
<LI><a href="#[4e0]">&gt;&gt;</a>&nbsp;&nbsp;&nbsp;finsh_error_set
</UL>
<BR>[Called By]<UL><LI><a href="#[509]">&gt;&gt;</a>&nbsp;&nbsp;&nbsp;proc_shift_expr
</UL>

<P><STRONG><a name="[509]"></a>proc_shift_expr</STRONG> (Thumb, 116 bytes, Stack size 24 bytes, finsh_parser.o(.text))
<BR><BR>[Stack]<UL><LI>Max Depth = 424<LI>Call Chain = proc_shift_expr &rArr; proc_additive_expr &rArr; proc_multiplicative_expr &rArr; proc_cast_expr &rArr;  proc_cast_expr (Cycle)
</UL>
<BR>[Calls]<UL><LI><a href="#[4ff]">&gt;&gt;</a>&nbsp;&nbsp;&nbsp;finsh_token_token
<LI><a href="#[508]">&gt;&gt;</a>&nbsp;&nbsp;&nbsp;proc_additive_expr
<LI><a href="#[4fc]">&gt;&gt;</a>&nbsp;&nbsp;&nbsp;make_sys_node
<LI><a href="#[4e0]">&gt;&gt;</a>&nbsp;&nbsp;&nbsp;finsh_error_set
</UL>
<BR>[Called By]<UL><LI><a href="#[50a]">&gt;&gt;</a>&nbsp;&nbsp;&nbsp;proc_and_expr
</UL>

<P><STRONG><a name="[50a]"></a>proc_and_expr</STRONG> (Thumb, 76 bytes, Stack size 24 bytes, finsh_parser.o(.text))
<BR><BR>[Stack]<UL><LI>Max Depth = 448<LI>Call Chain = proc_and_expr &rArr; proc_shift_expr &rArr; proc_additive_expr &rArr; proc_multiplicative_expr &rArr; proc_cast_expr &rArr;  proc_cast_expr (Cycle)
</UL>
<BR>[Calls]<UL><LI><a href="#[4ff]">&gt;&gt;</a>&nbsp;&nbsp;&nbsp;finsh_token_token
<LI><a href="#[509]">&gt;&gt;</a>&nbsp;&nbsp;&nbsp;proc_shift_expr
<LI><a href="#[4fc]">&gt;&gt;</a>&nbsp;&nbsp;&nbsp;make_sys_node
<LI><a href="#[4e0]">&gt;&gt;</a>&nbsp;&nbsp;&nbsp;finsh_error_set
</UL>
<BR>[Called By]<UL><LI><a href="#[50b]">&gt;&gt;</a>&nbsp;&nbsp;&nbsp;proc_exclusive_or_expr
</UL>

<P><STRONG><a name="[50b]"></a>proc_exclusive_or_expr</STRONG> (Thumb, 76 bytes, Stack size 24 bytes, finsh_parser.o(.text))
<BR><BR>[Stack]<UL><LI>Max Depth = 472<LI>Call Chain = proc_exclusive_or_expr &rArr; proc_and_expr &rArr; proc_shift_expr &rArr; proc_additive_expr &rArr; proc_multiplicative_expr &rArr; proc_cast_expr &rArr;  proc_cast_expr (Cycle)
</UL>
<BR>[Calls]<UL><LI><a href="#[4ff]">&gt;&gt;</a>&nbsp;&nbsp;&nbsp;finsh_token_token
<LI><a href="#[50a]">&gt;&gt;</a>&nbsp;&nbsp;&nbsp;proc_and_expr
<LI><a href="#[4fc]">&gt;&gt;</a>&nbsp;&nbsp;&nbsp;make_sys_node
<LI><a href="#[4e0]">&gt;&gt;</a>&nbsp;&nbsp;&nbsp;finsh_error_set
</UL>
<BR>[Called By]<UL><LI><a href="#[50c]">&gt;&gt;</a>&nbsp;&nbsp;&nbsp;proc_inclusive_or_expr
</UL>

<P><STRONG><a name="[50c]"></a>proc_inclusive_or_expr</STRONG> (Thumb, 76 bytes, Stack size 24 bytes, finsh_parser.o(.text))
<BR><BR>[Stack]<UL><LI>Max Depth = 496<LI>Call Chain = proc_inclusive_or_expr &rArr; proc_exclusive_or_expr &rArr; proc_and_expr &rArr; proc_shift_expr &rArr; proc_additive_expr &rArr; proc_multiplicative_expr &rArr; proc_cast_expr &rArr;  proc_cast_expr (Cycle)
</UL>
<BR>[Calls]<UL><LI><a href="#[4ff]">&gt;&gt;</a>&nbsp;&nbsp;&nbsp;finsh_token_token
<LI><a href="#[50b]">&gt;&gt;</a>&nbsp;&nbsp;&nbsp;proc_exclusive_or_expr
<LI><a href="#[4fc]">&gt;&gt;</a>&nbsp;&nbsp;&nbsp;make_sys_node
<LI><a href="#[4e0]">&gt;&gt;</a>&nbsp;&nbsp;&nbsp;finsh_error_set
</UL>
<BR>[Called By]<UL><LI><a href="#[4fe]">&gt;&gt;</a>&nbsp;&nbsp;&nbsp;proc_assign_expr
</UL>

<P><STRONG><a name="[4fe]"></a>proc_assign_expr</STRONG> (Thumb, 56 bytes, Stack size 24 bytes, finsh_parser.o(.text))
<BR><BR>[Stack]<UL><LI>Max Depth = 520 + In Cycle
<LI>Call Chain = proc_assign_expr &rArr;  proc_assign_expr (Cycle)
</UL>
<BR>[Calls]<UL><LI><a href="#[4ff]">&gt;&gt;</a>&nbsp;&nbsp;&nbsp;finsh_token_token
<LI><a href="#[4fe]">&gt;&gt;</a>&nbsp;&nbsp;&nbsp;proc_assign_expr
<LI><a href="#[50c]">&gt;&gt;</a>&nbsp;&nbsp;&nbsp;proc_inclusive_or_expr
<LI><a href="#[4fc]">&gt;&gt;</a>&nbsp;&nbsp;&nbsp;make_sys_node
</UL>
<BR>[Called By]<UL><LI><a href="#[50d]">&gt;&gt;</a>&nbsp;&nbsp;&nbsp;proc_variable_decl
<LI><a href="#[4fe]">&gt;&gt;</a>&nbsp;&nbsp;&nbsp;proc_assign_expr
<LI><a href="#[500]">&gt;&gt;</a>&nbsp;&nbsp;&nbsp;proc_expr
<LI><a href="#[4fd]">&gt;&gt;</a>&nbsp;&nbsp;&nbsp;proc_param_list
</UL>

<P><STRONG><a name="[50d]"></a>proc_variable_decl</STRONG> (Thumb, 474 bytes, Stack size 56 bytes, finsh_parser.o(.text))
<BR><BR>[Stack]<UL><LI>Max Depth = 576<LI>Call Chain = proc_variable_decl &rArr; proc_assign_expr &rArr;  proc_assign_expr (Cycle)
</UL>
<BR>[Calls]<UL><LI><a href="#[50e]">&gt;&gt;</a>&nbsp;&nbsp;&nbsp;finsh_var_insert
<LI><a href="#[4ff]">&gt;&gt;</a>&nbsp;&nbsp;&nbsp;finsh_token_token
<LI><a href="#[4fe]">&gt;&gt;</a>&nbsp;&nbsp;&nbsp;proc_assign_expr
<LI><a href="#[506]">&gt;&gt;</a>&nbsp;&nbsp;&nbsp;proc_type
<LI><a href="#[501]">&gt;&gt;</a>&nbsp;&nbsp;&nbsp;proc_identifier
<LI><a href="#[4fc]">&gt;&gt;</a>&nbsp;&nbsp;&nbsp;make_sys_node
<LI><a href="#[4f2]">&gt;&gt;</a>&nbsp;&nbsp;&nbsp;finsh_node_new_id
<LI><a href="#[4e0]">&gt;&gt;</a>&nbsp;&nbsp;&nbsp;finsh_error_set
</UL>
<BR>[Called By]<UL><LI><a href="#[510]">&gt;&gt;</a>&nbsp;&nbsp;&nbsp;finsh_parser_run
</UL>

<P><STRONG><a name="[50f]"></a>proc_expr_statement</STRONG> (Thumb, 56 bytes, Stack size 16 bytes, finsh_parser.o(.text))
<BR><BR>[Stack]<UL><LI>Max Depth = 544<LI>Call Chain = proc_expr_statement &rArr; proc_expr &rArr; proc_assign_expr &rArr;  proc_assign_expr (Cycle)
</UL>
<BR>[Calls]<UL><LI><a href="#[4ff]">&gt;&gt;</a>&nbsp;&nbsp;&nbsp;finsh_token_token
<LI><a href="#[500]">&gt;&gt;</a>&nbsp;&nbsp;&nbsp;proc_expr
<LI><a href="#[4e0]">&gt;&gt;</a>&nbsp;&nbsp;&nbsp;finsh_error_set
</UL>
<BR>[Called By]<UL><LI><a href="#[510]">&gt;&gt;</a>&nbsp;&nbsp;&nbsp;finsh_parser_run
</UL>

<P><STRONG><a name="[514]"></a>token_prev_char</STRONG> (Thumb, 22 bytes, Stack size 0 bytes, finsh_token.o(.text))
<BR><BR>[Called By]<UL><LI><a href="#[51a]">&gt;&gt;</a>&nbsp;&nbsp;&nbsp;token_get_string
<LI><a href="#[51c]">&gt;&gt;</a>&nbsp;&nbsp;&nbsp;token_run
<LI><a href="#[51b]">&gt;&gt;</a>&nbsp;&nbsp;&nbsp;token_trim_space
<LI><a href="#[518]">&gt;&gt;</a>&nbsp;&nbsp;&nbsp;token_proc_char
<LI><a href="#[516]">&gt;&gt;</a>&nbsp;&nbsp;&nbsp;token_proc_escape
<LI><a href="#[513]">&gt;&gt;</a>&nbsp;&nbsp;&nbsp;token_proc_number
</UL>

<P><STRONG><a name="[512]"></a>token_next_char</STRONG> (Thumb, 62 bytes, Stack size 8 bytes, finsh_token.o(.text))
<BR><BR>[Stack]<UL><LI>Max Depth = 16<LI>Call Chain = token_next_char &rArr; strlen
</UL>
<BR>[Calls]<UL><LI><a href="#[1cf]">&gt;&gt;</a>&nbsp;&nbsp;&nbsp;strlen
</UL>
<BR>[Called By]<UL><LI><a href="#[51a]">&gt;&gt;</a>&nbsp;&nbsp;&nbsp;token_get_string
<LI><a href="#[51c]">&gt;&gt;</a>&nbsp;&nbsp;&nbsp;token_run
<LI><a href="#[51b]">&gt;&gt;</a>&nbsp;&nbsp;&nbsp;token_trim_space
<LI><a href="#[518]">&gt;&gt;</a>&nbsp;&nbsp;&nbsp;token_proc_char
<LI><a href="#[517]">&gt;&gt;</a>&nbsp;&nbsp;&nbsp;token_proc_string
<LI><a href="#[516]">&gt;&gt;</a>&nbsp;&nbsp;&nbsp;token_proc_escape
<LI><a href="#[513]">&gt;&gt;</a>&nbsp;&nbsp;&nbsp;token_proc_number
</UL>

<P><STRONG><a name="[515]"></a>token_spec_number</STRONG> (Thumb, 152 bytes, Stack size 40 bytes, finsh_token.o(.text))
<BR><BR>[Stack]<UL><LI>Max Depth = 40<LI>Call Chain = token_spec_number
</UL>
<BR>[Called By]<UL><LI><a href="#[513]">&gt;&gt;</a>&nbsp;&nbsp;&nbsp;token_proc_number
</UL>

<P><STRONG><a name="[513]"></a>token_proc_number</STRONG> (Thumb, 288 bytes, Stack size 160 bytes, finsh_token.o(.text))
<BR><BR>[Stack]<UL><LI>Max Depth = 200<LI>Call Chain = token_proc_number &rArr; token_spec_number
</UL>
<BR>[Calls]<UL><LI><a href="#[1cf]">&gt;&gt;</a>&nbsp;&nbsp;&nbsp;strlen
<LI><a href="#[515]">&gt;&gt;</a>&nbsp;&nbsp;&nbsp;token_spec_number
<LI><a href="#[512]">&gt;&gt;</a>&nbsp;&nbsp;&nbsp;token_next_char
<LI><a href="#[514]">&gt;&gt;</a>&nbsp;&nbsp;&nbsp;token_prev_char
</UL>
<BR>[Called By]<UL><LI><a href="#[51c]">&gt;&gt;</a>&nbsp;&nbsp;&nbsp;token_run
</UL>

<P><STRONG><a name="[516]"></a>token_proc_escape</STRONG> (Thumb, 214 bytes, Stack size 16 bytes, finsh_token.o(.text))
<BR><BR>[Stack]<UL><LI>Max Depth = 32<LI>Call Chain = token_proc_escape &rArr; token_next_char &rArr; strlen
</UL>
<BR>[Calls]<UL><LI><a href="#[512]">&gt;&gt;</a>&nbsp;&nbsp;&nbsp;token_next_char
<LI><a href="#[514]">&gt;&gt;</a>&nbsp;&nbsp;&nbsp;token_prev_char
</UL>
<BR>[Called By]<UL><LI><a href="#[517]">&gt;&gt;</a>&nbsp;&nbsp;&nbsp;token_proc_string
</UL>

<P><STRONG><a name="[517]"></a>token_proc_string</STRONG> (Thumb, 80 bytes, Stack size 16 bytes, finsh_token.o(.text))
<BR><BR>[Stack]<UL><LI>Max Depth = 48<LI>Call Chain = token_proc_string &rArr; token_proc_escape &rArr; token_next_char &rArr; strlen
</UL>
<BR>[Calls]<UL><LI><a href="#[516]">&gt;&gt;</a>&nbsp;&nbsp;&nbsp;token_proc_escape
<LI><a href="#[512]">&gt;&gt;</a>&nbsp;&nbsp;&nbsp;token_next_char
<LI><a href="#[4e0]">&gt;&gt;</a>&nbsp;&nbsp;&nbsp;finsh_error_set
</UL>
<BR>[Called By]<UL><LI><a href="#[51c]">&gt;&gt;</a>&nbsp;&nbsp;&nbsp;token_run
</UL>

<P><STRONG><a name="[518]"></a>token_proc_char</STRONG> (Thumb, 162 bytes, Stack size 24 bytes, finsh_token.o(.text))
<BR><BR>[Stack]<UL><LI>Max Depth = 112<LI>Call Chain = token_proc_char &rArr; atoi &rArr; strtol &rArr; _strtoul
</UL>
<BR>[Calls]<UL><LI><a href="#[2d7]">&gt;&gt;</a>&nbsp;&nbsp;&nbsp;atoi
<LI><a href="#[512]">&gt;&gt;</a>&nbsp;&nbsp;&nbsp;token_next_char
<LI><a href="#[514]">&gt;&gt;</a>&nbsp;&nbsp;&nbsp;token_prev_char
<LI><a href="#[4e0]">&gt;&gt;</a>&nbsp;&nbsp;&nbsp;finsh_error_set
</UL>
<BR>[Called By]<UL><LI><a href="#[51c]">&gt;&gt;</a>&nbsp;&nbsp;&nbsp;token_run
</UL>

<P><STRONG><a name="[519]"></a>token_match_name</STRONG> (Thumb, 48 bytes, Stack size 16 bytes, finsh_token.o(.text))
<BR><BR>[Stack]<UL><LI>Max Depth = 16<LI>Call Chain = token_match_name
</UL>
<BR>[Calls]<UL><LI><a href="#[249]">&gt;&gt;</a>&nbsp;&nbsp;&nbsp;strcmp
</UL>
<BR>[Called By]<UL><LI><a href="#[51c]">&gt;&gt;</a>&nbsp;&nbsp;&nbsp;token_run
</UL>

<P><STRONG><a name="[51b]"></a>token_trim_space</STRONG> (Thumb, 34 bytes, Stack size 16 bytes, finsh_token.o(.text))
<BR><BR>[Stack]<UL><LI>Max Depth = 32<LI>Call Chain = token_trim_space &rArr; token_next_char &rArr; strlen
</UL>
<BR>[Calls]<UL><LI><a href="#[512]">&gt;&gt;</a>&nbsp;&nbsp;&nbsp;token_next_char
<LI><a href="#[514]">&gt;&gt;</a>&nbsp;&nbsp;&nbsp;token_prev_char
</UL>
<BR>[Called By]<UL><LI><a href="#[51c]">&gt;&gt;</a>&nbsp;&nbsp;&nbsp;token_run
</UL>

<P><STRONG><a name="[51c]"></a>token_run</STRONG> (Thumb, 414 bytes, Stack size 16 bytes, finsh_token.o(.text))
<BR><BR>[Stack]<UL><LI>Max Depth = 216<LI>Call Chain = token_run &rArr; token_proc_number &rArr; token_spec_number
</UL>
<BR>[Calls]<UL><LI><a href="#[51a]">&gt;&gt;</a>&nbsp;&nbsp;&nbsp;token_get_string
<LI><a href="#[51b]">&gt;&gt;</a>&nbsp;&nbsp;&nbsp;token_trim_space
<LI><a href="#[519]">&gt;&gt;</a>&nbsp;&nbsp;&nbsp;token_match_name
<LI><a href="#[518]">&gt;&gt;</a>&nbsp;&nbsp;&nbsp;token_proc_char
<LI><a href="#[517]">&gt;&gt;</a>&nbsp;&nbsp;&nbsp;token_proc_string
<LI><a href="#[513]">&gt;&gt;</a>&nbsp;&nbsp;&nbsp;token_proc_number
<LI><a href="#[512]">&gt;&gt;</a>&nbsp;&nbsp;&nbsp;token_next_char
<LI><a href="#[514]">&gt;&gt;</a>&nbsp;&nbsp;&nbsp;token_prev_char
<LI><a href="#[4e0]">&gt;&gt;</a>&nbsp;&nbsp;&nbsp;finsh_error_set
</UL>
<BR>[Called By]<UL><LI><a href="#[4ff]">&gt;&gt;</a>&nbsp;&nbsp;&nbsp;finsh_token_token
</UL>

<P><STRONG><a name="[527]"></a>finsh_getchar</STRONG> (Thumb, 12 bytes, Stack size 8 bytes, shell.o(.text))
<BR><BR>[Stack]<UL><LI>Max Depth = 40<LI>Call Chain = finsh_getchar &rArr; getc &rArr; fgetc &rArr; __filbuf_byte
</UL>
<BR>[Calls]<UL><LI><a href="#[528]">&gt;&gt;</a>&nbsp;&nbsp;&nbsp;getc
</UL>
<BR>[Called By]<UL><LI><a href="#[535]">&gt;&gt;</a>&nbsp;&nbsp;&nbsp;finsh_thread_entry
</UL>

<P><STRONG><a name="[52b]"></a>shell_auto_complete</STRONG> (Thumb, 50 bytes, Stack size 16 bytes, shell.o(.text))
<BR><BR>[Stack]<UL><LI>Max Depth = 608<LI>Call Chain = shell_auto_complete &rArr; msh_auto_complete &rArr; msh_auto_complete_path &rArr; opendir &rArr; dfs_file_open &rArr; fd_is_open &rArr; dfs_normalize_path &rArr; rt_strdup &rArr; rt_malloc &rArr; rt_sem_take &rArr; rt_timer_start &rArr; rt_schedule &rArr; _rt_scheduler_stack_check &rArr; list_thread &rArr; _list_thread &rArr; object_split &rArr; rt_kprintf &rArr; rt_vsnprintf &rArr; print_number
</UL>
<BR>[Calls]<UL><LI><a href="#[1cb]">&gt;&gt;</a>&nbsp;&nbsp;&nbsp;rt_kprintf
<LI><a href="#[4dc]">&gt;&gt;</a>&nbsp;&nbsp;&nbsp;list_prefix
<LI><a href="#[523]">&gt;&gt;</a>&nbsp;&nbsp;&nbsp;msh_is_used
<LI><a href="#[52c]">&gt;&gt;</a>&nbsp;&nbsp;&nbsp;msh_auto_complete
<LI><a href="#[522]">&gt;&gt;</a>&nbsp;&nbsp;&nbsp;finsh_get_prompt
</UL>
<BR>[Called By]<UL><LI><a href="#[535]">&gt;&gt;</a>&nbsp;&nbsp;&nbsp;finsh_thread_entry
</UL>

<P><STRONG><a name="[532]"></a>shell_handle_history</STRONG> (Thumb, 32 bytes, Stack size 16 bytes, shell.o(.text))
<BR><BR>[Stack]<UL><LI>Max Depth = 192<LI>Call Chain = shell_handle_history &rArr; rt_kprintf &rArr; rt_vsnprintf &rArr; print_number
</UL>
<BR>[Calls]<UL><LI><a href="#[1cb]">&gt;&gt;</a>&nbsp;&nbsp;&nbsp;rt_kprintf
<LI><a href="#[522]">&gt;&gt;</a>&nbsp;&nbsp;&nbsp;finsh_get_prompt
</UL>
<BR>[Called By]<UL><LI><a href="#[535]">&gt;&gt;</a>&nbsp;&nbsp;&nbsp;finsh_thread_entry
</UL>

<P><STRONG><a name="[533]"></a>shell_push_history</STRONG> (Thumb, 216 bytes, Stack size 16 bytes, shell.o(.text))
<BR><BR>[Stack]<UL><LI>Max Depth = 24<LI>Call Chain = shell_push_history &rArr; memcmp
</UL>
<BR>[Calls]<UL><LI><a href="#[21b]">&gt;&gt;</a>&nbsp;&nbsp;&nbsp;__aeabi_memcpy
<LI><a href="#[534]">&gt;&gt;</a>&nbsp;&nbsp;&nbsp;memcmp
<LI><a href="#[2b9]">&gt;&gt;</a>&nbsp;&nbsp;&nbsp;__aeabi_memclr
</UL>
<BR>[Called By]<UL><LI><a href="#[535]">&gt;&gt;</a>&nbsp;&nbsp;&nbsp;finsh_thread_entry
</UL>

<P><STRONG><a name="[170]"></a>msh_exit</STRONG> (Thumb, 10 bytes, Stack size 0 bytes, msh.o(.text))
<BR>[Address Reference Count : 1]<UL><LI> msh.o(FSymTab)
</UL>
<P><STRONG><a name="[171]"></a>msh_enter</STRONG> (Thumb, 10 bytes, Stack size 0 bytes, msh.o(.text))
<BR>[Address Reference Count : 1]<UL><LI> msh.o(FSymTab)
</UL>
<P><STRONG><a name="[53a]"></a>msh_split</STRONG> (Thumb, 202 bytes, Stack size 32 bytes, msh.o(.text))
<BR><BR>[Stack]<UL><LI>Max Depth = 208<LI>Call Chain = msh_split &rArr; rt_kprintf &rArr; rt_vsnprintf &rArr; print_number
</UL>
<BR>[Calls]<UL><LI><a href="#[1cb]">&gt;&gt;</a>&nbsp;&nbsp;&nbsp;rt_kprintf
</UL>
<BR>[Called By]<UL><LI><a href="#[53c]">&gt;&gt;</a>&nbsp;&nbsp;&nbsp;_msh_exec_cmd
</UL>

<P><STRONG><a name="[53b]"></a>msh_get_cmd</STRONG> (Thumb, 76 bytes, Stack size 24 bytes, msh.o(.text))
<BR><BR>[Stack]<UL><LI>Max Depth = 40<LI>Call Chain = msh_get_cmd &rArr; strncmp
</UL>
<BR>[Calls]<UL><LI><a href="#[2b8]">&gt;&gt;</a>&nbsp;&nbsp;&nbsp;strncmp
</UL>
<BR>[Called By]<UL><LI><a href="#[53c]">&gt;&gt;</a>&nbsp;&nbsp;&nbsp;_msh_exec_cmd
</UL>

<P><STRONG><a name="[53c]"></a>_msh_exec_cmd</STRONG> (Thumb, 136 bytes, Stack size 72 bytes, msh.o(.text))
<BR><BR>[Stack]<UL><LI>Max Depth = 280<LI>Call Chain = _msh_exec_cmd &rArr; msh_split &rArr; rt_kprintf &rArr; rt_vsnprintf &rArr; print_number
</UL>
<BR>[Calls]<UL><LI><a href="#[31f]">&gt;&gt;</a>&nbsp;&nbsp;&nbsp;rt_assert_handler
<LI><a href="#[53b]">&gt;&gt;</a>&nbsp;&nbsp;&nbsp;msh_get_cmd
<LI><a href="#[53a]">&gt;&gt;</a>&nbsp;&nbsp;&nbsp;msh_split
<LI><a href="#[217]">&gt;&gt;</a>&nbsp;&nbsp;&nbsp;__aeabi_memclr4
</UL>
<BR>[Called By]<UL><LI><a href="#[537]">&gt;&gt;</a>&nbsp;&nbsp;&nbsp;msh_exec
</UL>

<P><STRONG><a name="[53f]"></a>str_common</STRONG> (Thumb, 32 bytes, Stack size 8 bytes, msh.o(.text))
<BR><BR>[Stack]<UL><LI>Max Depth = 8<LI>Call Chain = str_common
</UL>
<BR>[Called By]<UL><LI><a href="#[53e]">&gt;&gt;</a>&nbsp;&nbsp;&nbsp;msh_auto_complete_path
<LI><a href="#[52c]">&gt;&gt;</a>&nbsp;&nbsp;&nbsp;msh_auto_complete
</UL>

<P><STRONG><a name="[540]"></a>msh_readline</STRONG> (Thumb, 122 bytes, Stack size 24 bytes, msh_file.o(.text))
<BR><BR>[Stack]<UL><LI>Max Depth = 424<LI>Call Chain = msh_readline &rArr; read &rArr; fd_put &rArr; rt_free &rArr; rt_sem_take &rArr; rt_timer_start &rArr; rt_schedule &rArr; _rt_scheduler_stack_check &rArr; list_thread &rArr; _list_thread &rArr; object_split &rArr; rt_kprintf &rArr; rt_vsnprintf &rArr; print_number
</UL>
<BR>[Calls]<UL><LI><a href="#[1d5]">&gt;&gt;</a>&nbsp;&nbsp;&nbsp;read
</UL>
<BR>[Called By]<UL><LI><a href="#[53d]">&gt;&gt;</a>&nbsp;&nbsp;&nbsp;msh_exec_script
</UL>

<P><STRONG><a name="[565]"></a>_tm_carry</STRONG> (Thumb, 62 bytes, Stack size 8 bytes, mktime.o(.text))
<BR><BR>[Stack]<UL><LI>Max Depth = 8<LI>Call Chain = _tm_carry
</UL>
<BR>[Called By]<UL><LI><a href="#[492]">&gt;&gt;</a>&nbsp;&nbsp;&nbsp;mktime
</UL>

<P><STRONG><a name="[599]"></a>_dadd1</STRONG> (Thumb, 0 bytes, Stack size unknown bytes, daddsub_clz.o(x$fpl$dadd), UNUSED)
<BR><BR>[Called By]<UL><LI><a href="#[598]">&gt;&gt;</a>&nbsp;&nbsp;&nbsp;_dsub
</UL>

<P><STRONG><a name="[594]"></a>_dsub1</STRONG> (Thumb, 0 bytes, Stack size unknown bytes, daddsub_clz.o(x$fpl$dsub), UNUSED)
<BR><BR>[Called By]<UL><LI><a href="#[593]">&gt;&gt;</a>&nbsp;&nbsp;&nbsp;_dadd
</UL>

<P><STRONG><a name="[566]"></a>_fp_digits</STRONG> (Thumb, 428 bytes, Stack size 96 bytes, _printf_fp_dec.o(.text))
<BR><BR>[Stack]<UL><LI>Max Depth = 216<LI>Call Chain = _fp_digits &rArr; _btod_etento &rArr; _btod_emul &rArr; _e2e
</UL>
<BR>[Calls]<UL><LI><a href="#[56a]">&gt;&gt;</a>&nbsp;&nbsp;&nbsp;_btod_emul
<LI><a href="#[569]">&gt;&gt;</a>&nbsp;&nbsp;&nbsp;_btod_ediv
<LI><a href="#[568]">&gt;&gt;</a>&nbsp;&nbsp;&nbsp;_btod_d2e
<LI><a href="#[567]">&gt;&gt;</a>&nbsp;&nbsp;&nbsp;_btod_etento
<LI><a href="#[56b]">&gt;&gt;</a>&nbsp;&nbsp;&nbsp;_ll_udiv10
</UL>
<BR>[Called By]<UL><LI><a href="#[56c]">&gt;&gt;</a>&nbsp;&nbsp;&nbsp;_printf_fp_dec_real
</UL>

<P><STRONG><a name="[7f]"></a>_printf_input_char</STRONG> (Thumb, 10 bytes, Stack size 0 bytes, _printf_char_common.o(.text))
<BR>[Address Reference Count : 1]<UL><LI> _printf_char_common.o(.text)
</UL><P>
<H3>
Undefined Global Symbols
</H3><HR></body></html>
